Archive member included to satisfy reference by file (symbol)

/optee/optee_os/out/arm-plat-vexpress/export-ta_arm64/lib/libutils.a(stack_check.o)
                              ./aesgcm_ta.o (__stack_chk_fail)
/optee/optee_os/out/arm-plat-vexpress/export-ta_arm64/lib/libutils.a(trace.o)
                              ./aesgcm_ta.o (trace_printf)
/optee/optee_os/out/arm-plat-vexpress/export-ta_arm64/lib/libutils.a(memcpy.o)
                              /optee/optee_os/out/arm-plat-vexpress/export-ta_arm64/lib/libutils.a(trace.o) (memcpy)
/optee/optee_os/out/arm-plat-vexpress/export-ta_arm64/lib/libutils.a(snprintk.o)
                              /optee/optee_os/out/arm-plat-vexpress/export-ta_arm64/lib/libutils.a(trace.o) (vsnprintk)
/optee/optee_os/out/arm-plat-vexpress/export-ta_arm64/lib/libutils.a(memchr.o)
                              /optee/optee_os/out/arm-plat-vexpress/export-ta_arm64/lib/libutils.a(snprintk.o) (memchr)
/optee/optee_os/out/arm-plat-vexpress/export-ta_arm64/lib/libutils.a(strlen.o)
                              /optee/optee_os/out/arm-plat-vexpress/export-ta_arm64/lib/libutils.a(snprintk.o) (strlen)
/optee/optee_os/out/arm-plat-vexpress/export-ta_arm64/lib/libutee.a(trace_ext.o)
                              /optee/optee_os/out/arm-plat-vexpress/export-ta_arm64/lib/libutils.a(trace.o) (trace_ext_puts)
/optee/optee_os/out/arm-plat-vexpress/export-ta_arm64/lib/libutee.a(tee_api.o)
                              ./aesgcm_ta.o (TEE_MemMove)
/optee/optee_os/out/arm-plat-vexpress/export-ta_arm64/lib/libutee.a(tee_api_objects.o)
                              ./aesgcm_ta.o (TEE_AllocateTransientObject)
/optee/optee_os/out/arm-plat-vexpress/export-ta_arm64/lib/libutee.a(tee_api_operations.o)
                              ./aesgcm_ta.o (TEE_FreeOperation)
/optee/optee_os/out/arm-plat-vexpress/export-ta_arm64/lib/libutee.a(tee_api_panic.o)
                              /optee/optee_os/out/arm-plat-vexpress/export-ta_arm64/lib/libutee.a(tee_api.o) (TEE_Panic)
/optee/optee_os/out/arm-plat-vexpress/export-ta_arm64/lib/libutee.a(tee_system_pta.o)
                              /optee/optee_os/out/arm-plat-vexpress/export-ta_arm64/lib/libutee.a(tee_api.o) (tee_map_zi)
/optee/optee_os/out/arm-plat-vexpress/export-ta_arm64/lib/libutee.a(user_ta_entry.o)
                              ./user_ta_header.o (__utee_entry)
/optee/optee_os/out/arm-plat-vexpress/export-ta_arm64/lib/libutee.a(utee_syscalls_a64.o)
                              /optee/optee_os/out/arm-plat-vexpress/export-ta_arm64/lib/libutils.a(stack_check.o) (_utee_panic)
/optee/optee_os/out/arm-plat-vexpress/export-ta_arm64/lib/libutee.a(abort.o)
                              /optee/optee_os/out/arm-plat-vexpress/export-ta_arm64/lib/libutee.a(user_ta_entry.o) (abort)
/optee/optee_os/out/arm-plat-vexpress/export-ta_arm64/lib/libutee.a(assert.o)
                              /optee/optee_os/out/arm-plat-vexpress/export-ta_arm64/lib/libutee.a(tee_api_operations.o) (_assert_log)
/optee/optee_os/out/arm-plat-vexpress/export-ta_arm64/lib/libutee.a(tee_api_arith_mpi.o)
                              /optee/optee_os/out/arm-plat-vexpress/export-ta_arm64/lib/libutee.a(user_ta_entry.o) (_TEE_MathAPI_Init)
/optee/optee_os/out/arm-plat-vexpress/export-ta_arm64/lib/libutee.a(tee_api_property.o)
                              /optee/optee_os/out/arm-plat-vexpress/export-ta_arm64/lib/libutee.a(user_ta_entry.o) (TEE_GetPropertyAsU32)
/optee/optee_os/out/arm-plat-vexpress/export-ta_arm64/lib/libutee.a(tcb.o)
                              /optee/optee_os/out/arm-plat-vexpress/export-ta_arm64/lib/libutee.a(user_ta_entry.o) (__utee_tcb_init)
/optee/optee_os/out/arm-plat-vexpress/export-ta_arm64/lib/libutee.a(base64.o)
                              /optee/optee_os/out/arm-plat-vexpress/export-ta_arm64/lib/libutee.a(tee_api_property.o) (_base64_enc_len)
/optee/optee_os/out/arm-plat-vexpress/export-ta_arm64/lib/libmbedtls.a(bignum.o)
                              /optee/optee_os/out/arm-plat-vexpress/export-ta_arm64/lib/libutee.a(tee_api_arith_mpi.o) (mbedtls_mpi_init_mempool)
/optee/optee_os/out/arm-plat-vexpress/export-ta_arm64/lib/libmbedtls.a(bignum_core.o)
                              /optee/optee_os/out/arm-plat-vexpress/export-ta_arm64/lib/libmbedtls.a(bignum.o) (mbedtls_mpi_core_bitlen)
/optee/optee_os/out/arm-plat-vexpress/export-ta_arm64/lib/libmbedtls.a(constant_time.o)
                              /optee/optee_os/out/arm-plat-vexpress/export-ta_arm64/lib/libmbedtls.a(bignum_core.o) (mbedtls_ct_mpi_uint_mask)
/optee/optee_os/out/arm-plat-vexpress/export-ta_arm64/lib/libmbedtls.a(platform_util.o)
                              /optee/optee_os/out/arm-plat-vexpress/export-ta_arm64/lib/libmbedtls.a(bignum.o) (mbedtls_platform_zeroize)
/optee/optee_os/out/arm-plat-vexpress/export-ta_arm64/lib/libutils.a(bget_malloc.o)
                              /optee/optee_os/out/arm-plat-vexpress/export-ta_arm64/lib/libutee.a(tee_api.o) (raw_malloc)
[...]
Memory Configuration

Name             Origin             Length             Attributes
*default*        0x0000000000000000 0xffffffffffffffff

Linker script and memory map


.text           0x0000000000000000    0x136c4
                0x0000000000000000                __text_start = .
 *(SORT_BY_ALIGNMENT(.text) SORT_BY_ALIGNMENT(.text.*))
 .text          0x0000000000000000       0xec /optee/optee_os/out/arm-plat-vexpress/export-ta_arm64/lib/libutils.a(memcpy.o)
                0x0000000000000000                memcpy
 .text          0x00000000000000ec      0x434 ./aesgcm_ta.o
                0x00000000000000ec                TA_CreateEntryPoint
                0x00000000000000f4                TA_DestroyEntryPoint
                0x00000000000000f8                TA_OpenSessionEntryPoint
                0x0000000000000100                TA_CloseSessionEntryPoint
                0x0000000000000104                TA_InvokeCommandEntryPoint
 .text          0x0000000000000520       0x1c ./user_ta_header.o
                0x0000000000000520                __ta_entry
                0x0000000000000534                tahead_get_trace_level
 .text          0x000000000000053c       0x30 /optee/optee_os/out/arm-plat-vexpress/export-ta_arm64/lib/libutils.a(stack_check.o)
                0x000000000000053c                __stack_chk_fail
 .text          0x000000000000056c      0x330 /optee/optee_os/out/arm-plat-vexpress/export-ta_arm64/lib/libutils.a(trace.o)
                0x000000000000056c                trace_set_level
                0x0000000000000588                trace_get_level
                0x0000000000000598                trace_vprintf
                0x00000000000007b4                trace_printf
                0x0000000000000898                dhex_dump
 .text          0x000000000000089c      0xdfc /optee/optee_os/out/arm-plat-vexpress/export-ta_arm64/lib/libutils.a(snprintk.o)
                0x000000000000089c                __vsnprintf
                0x0000000000000960                vsnprintk
                0x00000000000009b8                snprintk
                0x000000000000164c                __vsprintf
 .text          0x0000000000001698       0x2c /optee/optee_os/out/arm-plat-vexpress/export-ta_arm64/lib/libutils.a(memchr.o)
                0x0000000000001698                memchr
 .text          0x00000000000016c4       0x1c /optee/optee_os/out/arm-plat-vexpress/export-ta_arm64/lib/libutils.a(strlen.o)
                0x00000000000016c4                strlen
 .text          0x00000000000016e0      0x1e0 /optee/optee_os/out/arm-plat-vexpress/export-ta_arm64/lib/libutee.a(trace_ext.o)
                0x00000000000016e0                trace_ext_puts
                0x0000000000001708                trace_ext_get_thread_id
                0x0000000000001710                printf
                0x0000000000001810                puts
                0x0000000000001850                putchar
 .text          0x00000000000018c0     0x10dc /optee/optee_os/out/arm-plat-vexpress/export-ta_arm64/lib/libutee.a(tee_api.o)
                0x0000000000001c6c                TEE_CloseTASession
                0x0000000000001c94                TEE_GetCancellationFlag
                0x0000000000001cf4                TEE_UnmaskCancellation
                0x0000000000001d54                TEE_MaskCancellation
                0x0000000000001db4                TEE_CheckMemoryAccessRights
                0x0000000000001fd8                TEE_OpenTASession
                0x000000000000212c                __GP11_TEE_OpenTASession
                0x0000000000002274                TEE_InvokeTACommand
                0x00000000000023f8                __GP11_TEE_InvokeTACommand
                0x0000000000002570                __GP11_TEE_CheckMemoryAccessRights
                0x0000000000002578                TEE_SetInstanceData
                0x0000000000002584                TEE_GetInstanceData
                0x0000000000002590                TEE_MemMove
                0x0000000000002594                __GP11_TEE_MemMove
                0x000000000000259c                TEE_MemCompare
                0x00000000000025a0                __GP11_TEE_MemCompare
                0x00000000000025a8                TEE_MemFill
                0x00000000000025ac                __GP11_TEE_MemFill
                0x00000000000025b4                TEE_GetSystemTime
                0x00000000000025dc                TEE_Wait
                0x0000000000002618                TEE_GetTAPersistentTime
                0x0000000000002690                TEE_SetTAPersistentTime
                0x00000000000026d4                TEE_GetREETime
                0x00000000000026fc                TEE_Malloc
                0x0000000000002820                __GP11_TEE_Malloc
                0x0000000000002828                TEE_Free
                0x0000000000002888                TEE_Realloc
                0x000000000000297c                __GP11_TEE_Realloc
                0x0000000000002984                TEE_CacheClean
                0x000000000000298c                TEE_CacheFlush
                0x0000000000002994                TEE_CacheInvalidate
 .text          0x000000000000299c     0x1b1c /optee/optee_os/out/arm-plat-vexpress/export-ta_arm64/lib/libutee.a(tee_api_objects.o)
                0x000000000000299c                __utee_from_attr
                0x00000000000029ec                __utee_from_gp11_attr
                0x0000000000002a3c                TEE_GetObjectInfo
                0x0000000000002af8                __GP11_TEE_GetObjectInfo
                0x0000000000002bc0                TEE_GetObjectInfo1
                0x0000000000002c70                __GP11_TEE_GetObjectInfo1
                0x0000000000002d30                TEE_RestrictObjectUsage1
                0x0000000000002d74                TEE_RestrictObjectUsage
                0x0000000000002e04                TEE_GetObjectBufferAttribute
                0x0000000000002f08                __GP11_TEE_GetObjectBufferAttribute
                0x0000000000002fa4                TEE_GetObjectValueAttribute
                0x00000000000030dc                TEE_CloseObject
                0x0000000000003104                __GP11_TEE_AllocateTransientObject
                0x00000000000031b8                TEE_AllocateTransientObject
                0x00000000000031d4                TEE_FreeTransientObject
                0x0000000000003264                TEE_ResetTransientObject
                0x00000000000032f4                TEE_PopulateTransientObject
                0x0000000000003438                __GP11_TEE_PopulateTransientObject
                0x000000000000357c                TEE_InitRefAttribute
                0x00000000000035c8                __GP11_TEE_InitRefAttribute
                0x0000000000003618                TEE_InitValueAttribute
                0x0000000000003664                __GP11_TEE_InitValueAttribute
                0x00000000000036b0                TEE_CopyObjectAttributes1
                0x00000000000037a8                TEE_CopyObjectAttributes
                0x000000000000383c                TEE_GenerateKey
                0x0000000000003948                __GP11_TEE_GenerateKey
                0x0000000000003a54                TEE_OpenPersistentObject
                0x0000000000003b38                __GP11_TEE_OpenPersistentObject
                0x0000000000003b40                TEE_CreatePersistentObject
                0x0000000000003c84                __GP11_TEE_CreatePersistentObject
                0x0000000000003d00                TEE_CloseAndDeletePersistentObject1
                0x0000000000003d48                TEE_CloseAndDeletePersistentObject
                0x0000000000003d74                TEE_RenamePersistentObject
                0x0000000000003dd0                __GP11_TEE_RenamePersistentObject
                0x0000000000003dd8                TEE_AllocatePersistentObjectEnumerator
                0x0000000000003e68                TEE_FreePersistentObjectEnumerator
                0x0000000000003e90                TEE_ResetPersistentObjectEnumerator
                0x0000000000003eb8                TEE_StartPersistentObjectEnumerator
                0x0000000000003f08                TEE_GetNextPersistentObject
                0x0000000000004024                __GP11_TEE_GetNextPersistentObject
                0x0000000000004150                TEE_ReadObjectData
                0x0000000000004218                __GP11_TEE_ReadObjectData
                0x00000000000042b4                TEE_WriteObjectData
                0x000000000000432c                __GP11_TEE_WriteObjectData
                0x0000000000004334                TEE_TruncateObjectData
                0x0000000000004390                __GP11_TEE_TruncateObjectData
                0x0000000000004398                TEE_SeekObjectData
                0x00000000000044b0                __GP11_TEE_SeekObjectData
 .text          0x00000000000044b8     0x46f0 /optee/optee_os/out/arm-plat-vexpress/export-ta_arm64/lib/libutee.a(tee_api_operations.o)
                0x0000000000004bec                TEE_FreeOperation
                0x0000000000004c2c                TEE_AllocateOperation
                0x0000000000005880                __GP11_TEE_FreeOperation
                0x00000000000058ac                TEE_GetOperationInfo
                0x0000000000005900                TEE_GetOperationInfoMultiple
                0x0000000000005ab0                __GP11_TEE_GetOperationInfoMultiple
                0x0000000000005b3c                TEE_ResetOperation
                0x0000000000005b78                TEE_SetOperationKey
                0x0000000000005cc4                __GP11_TEE_SetOperationKey
                0x0000000000005d00                TEE_SetOperationKey2
                0x0000000000005d20                __GP11_TEE_SetOperationKey2
                0x0000000000005d6c                TEE_CopyOperation
                0x0000000000005ec8                TEE_DigestUpdate
                0x0000000000005f38                __GP11_TEE_DigestUpdate
                0x0000000000005f40                TEE_DigestDoFinal
                0x00000000000060ac                __GP11_TEE_DigestDoFinal
                0x0000000000006150                TEE_DigestExtract
                0x00000000000062f4                TEE_CipherInit
                0x00000000000063d4                __GP11_TEE_CipherInit
                0x00000000000063dc                TEE_CipherUpdate
                0x0000000000006570                __GP11_TEE_CipherUpdate
                0x0000000000006614                TEE_CipherDoFinal
                0x000000000000682c                __GP11_TEE_CipherDoFinal
                0x00000000000068dc                TEE_MACInit
                0x0000000000006980                __GP11_TEE_MACInit
                0x0000000000006988                TEE_MACUpdate
                0x0000000000006a28                __GP11_TEE_MACUpdate
                0x0000000000006a30                TEE_MACComputeFinal
                0x0000000000006b40                __GP11_TEE_MACComputeFinal
                0x0000000000006be4                TEE_MACCompareFinal
                0x0000000000006ce8                __GP11_TEE_MACCompareFinal
                0x0000000000006cf4                TEE_AEInit
                0x0000000000006db8                __GP11_TEE_AEInit
                0x0000000000006dc8                TEE_AEUpdateAAD
                0x0000000000006e64                __GP11_TEE_AEUpdateAAD
                0x0000000000006ef8                TEE_AEUpdate
                0x0000000000006fc4                __GP11_TEE_AEUpdate
                0x00000000000070c4                TEE_AEEncryptFinal
                0x00000000000072c4                __GP11_TEE_AEEncryptFinal
                0x000000000000739c                TEE_AEDecryptFinal
                0x0000000000007570                __GP11_TEE_AEDecryptFinal
                0x000000000000762c                TEE_AsymmetricEncrypt
                0x00000000000077ec                __GP11_TEE_AsymmetricEncrypt
                0x0000000000007994                TEE_AsymmetricDecrypt
                0x0000000000007b58                __GP11_TEE_AsymmetricDecrypt
                0x0000000000007d04                TEE_AsymmetricSignDigest
                0x0000000000007ea4                __GP11_TEE_AsymmetricSignDigest
                0x0000000000008044                TEE_AsymmetricVerifyDigest
                0x00000000000081d0                __GP11_TEE_AsymmetricVerifyDigest
                0x000000000000835c                TEE_DeriveKey
                0x000000000000850c                __GP11_TEE_DeriveKey
                0x00000000000086bc                TEE_GenerateRandom
                0x00000000000086dc                __GP11_TEE_GenerateRandom
                0x00000000000086e4                rand
                0x0000000000008740                TEE_IsAlgorithmSupported
 .text          0x0000000000008ba8      0x1fc /optee/optee_os/out/arm-plat-vexpress/export-ta_arm64/lib/libutee.a(tee_api_panic.o)
                0x0000000000008bc4                TEE_Panic
                0x0000000000008bdc                __utee_check_outbuf_annotation
                0x0000000000008c28                __utee_check_gp11_outbuf_annotation
                0x0000000000008c74                __utee_check_instring_annotation
                0x0000000000008ca4                __utee_check_outstring_annotation
                0x0000000000008cf0                __utee_check_gp11_outstring_annotation
                0x0000000000008d3c                __utee_check_out_annotation
                0x0000000000008d5c                __utee_check_attr_in_annotation
                0x0000000000008d80                __utee_check_gp11_attr_in_annotation
                0x0000000000008d84                __utee_check_inout_annotation
 .text          0x0000000000008da4      0x2bc /optee/optee_os/out/arm-plat-vexpress/export-ta_arm64/lib/libutee.a(tee_system_pta.o)
                0x0000000000008e28                tee_map_zi
                0x0000000000008ebc                tee_unmap
                0x0000000000008f78                tee_invoke_supp_plugin
 .text          0x0000000000009060      0x740 /optee/optee_os/out/arm-plat-vexpress/export-ta_arm64/lib/libutee.a(user_ta_entry.o)
                0x0000000000009328                __utee_call_elf_init_fn
                0x0000000000009474                __utee_call_elf_fini_fn
                0x0000000000009518                __utee_entry
 .text._utee_panic
                0x00000000000097a0        0xc /optee/optee_os/out/arm-plat-vexpress/export-ta_arm64/lib/libutee.a(utee_syscalls_a64.o)
                0x00000000000097a0                _utee_panic
 .text._utee_return
                0x00000000000097ac        0xc /optee/optee_os/out/arm-plat-vexpress/export-ta_arm64/lib/libutee.a(utee_syscalls_a64.o)
                0x00000000000097ac                _utee_return
 .text._utee_log
                0x00000000000097b8        0xc /optee/optee_os/out/arm-plat-vexpress/export-ta_arm64/lib/libutee.a(utee_syscalls_a64.o)
                0x00000000000097b8                _utee_log
 .text.__utee_panic
                0x00000000000097c4        0xc /optee/optee_os/out/arm-plat-vexpress/export-ta_arm64/lib/libutee.a(utee_syscalls_a64.o)
                0x00000000000097c4                __utee_panic
 .text._utee_get_property
                0x00000000000097d0        0xc /optee/optee_os/out/arm-plat-vexpress/export-ta_arm64/lib/libutee.a(utee_syscalls_a64.o)
                0x00000000000097d0                _utee_get_property
 .text._utee_get_property_name_to_index
                0x00000000000097dc        0xc /optee/optee_os/out/arm-plat-vexpress/export-ta_arm64/lib/libutee.a(utee_syscalls_a64.o)
                0x00000000000097dc                _utee_get_property_name_to_index
 .text._utee_open_ta_session
                0x00000000000097e8        0xc /optee/optee_os/out/arm-plat-vexpress/export-ta_arm64/lib/libutee.a(utee_syscalls_a64.o)
                0x00000000000097e8                _utee_open_ta_session
 .text._utee_close_ta_session
                0x00000000000097f4        0xc /optee/optee_os/out/arm-plat-vexpress/export-ta_arm64/lib/libutee.a(utee_syscalls_a64.o)
                0x00000000000097f4                _utee_close_ta_session
 .text._utee_invoke_ta_command
                0x0000000000009800        0xc /optee/optee_os/out/arm-plat-vexpress/export-ta_arm64/lib/libutee.a(utee_syscalls_a64.o)
                0x0000000000009800                _utee_invoke_ta_command
 .text._utee_get_cancellation_flag
                0x000000000000980c        0xc /optee/optee_os/out/arm-plat-vexpress/export-ta_arm64/lib/libutee.a(utee_syscalls_a64.o)
                0x000000000000980c                _utee_get_cancellation_flag
 .text._utee_check_access_rights
                0x0000000000009818        0xc /optee/optee_os/out/arm-plat-vexpress/export-ta_arm64/lib/libutee.a(utee_syscalls_a64.o)
                0x0000000000009818                _utee_check_access_rights
 .text._utee_unmask_cancellation
                0x0000000000009824        0xc /optee/optee_os/out/arm-plat-vexpress/export-ta_arm64/lib/libutee.a(utee_syscalls_a64.o)
                0x0000000000009824                _utee_unmask_cancellation
 .text._utee_mask_cancellation
                0x0000000000009830        0xc /optee/optee_os/out/arm-plat-vexpress/export-ta_arm64/lib/libutee.a(utee_syscalls_a64.o)
                0x0000000000009830                _utee_mask_cancellation
 .text._utee_wait
                0x000000000000983c        0xc /optee/optee_os/out/arm-plat-vexpress/export-ta_arm64/lib/libutee.a(utee_syscalls_a64.o)
                0x000000000000983c                _utee_wait
 .text._utee_get_time
                0x0000000000009848        0xc /optee/optee_os/out/arm-plat-vexpress/export-ta_arm64/lib/libutee.a(utee_syscalls_a64.o)
                0x0000000000009848                _utee_get_time
 .text._utee_set_ta_time
                0x0000000000009854        0xc /optee/optee_os/out/arm-plat-vexpress/export-ta_arm64/lib/libutee.a(utee_syscalls_a64.o)
                0x0000000000009854                _utee_set_ta_time
 .text._utee_cryp_state_alloc
                0x0000000000009860        0xc /optee/optee_os/out/arm-plat-vexpress/export-ta_arm64/lib/libutee.a(utee_syscalls_a64.o)
                0x0000000000009860                _utee_cryp_state_alloc
 .text._utee_cryp_state_copy
                0x000000000000986c        0xc /optee/optee_os/out/arm-plat-vexpress/export-ta_arm64/lib/libutee.a(utee_syscalls_a64.o)
                0x000000000000986c                _utee_cryp_state_copy
 .text._utee_cryp_state_free
                0x0000000000009878        0xc /optee/optee_os/out/arm-plat-vexpress/export-ta_arm64/lib/libutee.a(utee_syscalls_a64.o)
                0x0000000000009878                _utee_cryp_state_free
 .text._utee_hash_init
                0x0000000000009884        0xc /optee/optee_os/out/arm-plat-vexpress/export-ta_arm64/lib/libutee.a(utee_syscalls_a64.o)
                0x0000000000009884                _utee_hash_init
 .text._utee_hash_update
                0x0000000000009890        0xc /optee/optee_os/out/arm-plat-vexpress/export-ta_arm64/lib/libutee.a(utee_syscalls_a64.o)
                0x0000000000009890                _utee_hash_update
 .text._utee_hash_final
                0x000000000000989c        0xc /optee/optee_os/out/arm-plat-vexpress/export-ta_arm64/lib/libutee.a(utee_syscalls_a64.o)
                0x000000000000989c                _utee_hash_final
 .text._utee_cipher_init
                0x00000000000098a8        0xc /optee/optee_os/out/arm-plat-vexpress/export-ta_arm64/lib/libutee.a(utee_syscalls_a64.o)
                0x00000000000098a8                _utee_cipher_init
 .text._utee_cipher_update
                0x00000000000098b4        0xc /optee/optee_os/out/arm-plat-vexpress/export-ta_arm64/lib/libutee.a(utee_syscalls_a64.o)
                0x00000000000098b4                _utee_cipher_update
 .text._utee_cipher_final
                0x00000000000098c0        0xc /optee/optee_os/out/arm-plat-vexpress/export-ta_arm64/lib/libutee.a(utee_syscalls_a64.o)
                0x00000000000098c0                _utee_cipher_final
 .text._utee_cryp_obj_get_info
                0x00000000000098cc        0xc /optee/optee_os/out/arm-plat-vexpress/export-ta_arm64/lib/libutee.a(utee_syscalls_a64.o)
                0x00000000000098cc                _utee_cryp_obj_get_info
 .text._utee_cryp_obj_restrict_usage
                0x00000000000098d8        0xc /optee/optee_os/out/arm-plat-vexpress/export-ta_arm64/lib/libutee.a(utee_syscalls_a64.o)
                0x00000000000098d8                _utee_cryp_obj_restrict_usage
 .text._utee_cryp_obj_get_attr
                0x00000000000098e4        0xc /optee/optee_os/out/arm-plat-vexpress/export-ta_arm64/lib/libutee.a(utee_syscalls_a64.o)
                0x00000000000098e4                _utee_cryp_obj_get_attr
 .text._utee_cryp_obj_alloc
                0x00000000000098f0        0xc /optee/optee_os/out/arm-plat-vexpress/export-ta_arm64/lib/libutee.a(utee_syscalls_a64.o)
                0x00000000000098f0                _utee_cryp_obj_alloc
 .text._utee_cryp_obj_close
                0x00000000000098fc        0xc /optee/optee_os/out/arm-plat-vexpress/export-ta_arm64/lib/libutee.a(utee_syscalls_a64.o)
                0x00000000000098fc                _utee_cryp_obj_close
 .text._utee_cryp_obj_reset
                0x0000000000009908        0xc /optee/optee_os/out/arm-plat-vexpress/export-ta_arm64/lib/libutee.a(utee_syscalls_a64.o)
                0x0000000000009908                _utee_cryp_obj_reset
 .text._utee_cryp_obj_populate
                0x0000000000009914        0xc /optee/optee_os/out/arm-plat-vexpress/export-ta_arm64/lib/libutee.a(utee_syscalls_a64.o)
                0x0000000000009914                _utee_cryp_obj_populate
 .text._utee_cryp_obj_copy
                0x0000000000009920        0xc /optee/optee_os/out/arm-plat-vexpress/export-ta_arm64/lib/libutee.a(utee_syscalls_a64.o)
                0x0000000000009920                _utee_cryp_obj_copy
 .text._utee_cryp_derive_key
                0x000000000000992c        0xc /optee/optee_os/out/arm-plat-vexpress/export-ta_arm64/lib/libutee.a(utee_syscalls_a64.o)
                0x000000000000992c                _utee_cryp_derive_key
 .text._utee_cryp_random_number_generate
                0x0000000000009938        0xc /optee/optee_os/out/arm-plat-vexpress/export-ta_arm64/lib/libutee.a(utee_syscalls_a64.o)
                0x0000000000009938                _utee_cryp_random_number_generate
 .text._utee_authenc_init
                0x0000000000009944        0xc /optee/optee_os/out/arm-plat-vexpress/export-ta_arm64/lib/libutee.a(utee_syscalls_a64.o)
                0x0000000000009944                _utee_authenc_init
 .text._utee_authenc_update_aad
                0x0000000000009950        0xc /optee/optee_os/out/arm-plat-vexpress/export-ta_arm64/lib/libutee.a(utee_syscalls_a64.o)
                0x0000000000009950                _utee_authenc_update_aad
 .text._utee_authenc_update_payload
                0x000000000000995c        0xc /optee/optee_os/out/arm-plat-vexpress/export-ta_arm64/lib/libutee.a(utee_syscalls_a64.o)
                0x000000000000995c                _utee_authenc_update_payload
 .text._utee_authenc_enc_final
                0x0000000000009968        0xc /optee/optee_os/out/arm-plat-vexpress/export-ta_arm64/lib/libutee.a(utee_syscalls_a64.o)
                0x0000000000009968                _utee_authenc_enc_final
 .text._utee_authenc_dec_final
                0x0000000000009974        0xc /optee/optee_os/out/arm-plat-vexpress/export-ta_arm64/lib/libutee.a(utee_syscalls_a64.o)
                0x0000000000009974                _utee_authenc_dec_final
 .text._utee_asymm_operate
                0x0000000000009980        0xc /optee/optee_os/out/arm-plat-vexpress/export-ta_arm64/lib/libutee.a(utee_syscalls_a64.o)
                0x0000000000009980                _utee_asymm_operate
 .text._utee_asymm_verify
                0x000000000000998c        0xc /optee/optee_os/out/arm-plat-vexpress/export-ta_arm64/lib/libutee.a(utee_syscalls_a64.o)
                0x000000000000998c                _utee_asymm_verify
 .text._utee_storage_obj_open
                0x0000000000009998        0xc /optee/optee_os/out/arm-plat-vexpress/export-ta_arm64/lib/libutee.a(utee_syscalls_a64.o)
                0x0000000000009998                _utee_storage_obj_open
 .text._utee_storage_obj_create
                0x00000000000099a4        0xc /optee/optee_os/out/arm-plat-vexpress/export-ta_arm64/lib/libutee.a(utee_syscalls_a64.o)
                0x00000000000099a4                _utee_storage_obj_create
 .text._utee_storage_obj_del
                0x00000000000099b0        0xc /optee/optee_os/out/arm-plat-vexpress/export-ta_arm64/lib/libutee.a(utee_syscalls_a64.o)
                0x00000000000099b0                _utee_storage_obj_del
 .text._utee_storage_obj_rename
                0x00000000000099bc        0xc /optee/optee_os/out/arm-plat-vexpress/export-ta_arm64/lib/libutee.a(utee_syscalls_a64.o)
                0x00000000000099bc                _utee_storage_obj_rename
 .text._utee_storage_alloc_enum
                0x00000000000099c8        0xc /optee/optee_os/out/arm-plat-vexpress/export-ta_arm64/lib/libutee.a(utee_syscalls_a64.o)
                0x00000000000099c8                _utee_storage_alloc_enum
 .text._utee_storage_free_enum
                0x00000000000099d4        0xc /optee/optee_os/out/arm-plat-vexpress/export-ta_arm64/lib/libutee.a(utee_syscalls_a64.o)
                0x00000000000099d4                _utee_storage_free_enum
 .text._utee_storage_reset_enum
                0x00000000000099e0        0xc /optee/optee_os/out/arm-plat-vexpress/export-ta_arm64/lib/libutee.a(utee_syscalls_a64.o)
                0x00000000000099e0                _utee_storage_reset_enum
 .text._utee_storage_start_enum
                0x00000000000099ec        0xc /optee/optee_os/out/arm-plat-vexpress/export-ta_arm64/lib/libutee.a(utee_syscalls_a64.o)
                0x00000000000099ec                _utee_storage_start_enum
 .text._utee_storage_next_enum
                0x00000000000099f8        0xc /optee/optee_os/out/arm-plat-vexpress/export-ta_arm64/lib/libutee.a(utee_syscalls_a64.o)
                0x00000000000099f8                _utee_storage_next_enum
 .text._utee_storage_obj_read
                0x0000000000009a04        0xc /optee/optee_os/out/arm-plat-vexpress/export-ta_arm64/lib/libutee.a(utee_syscalls_a64.o)
                0x0000000000009a04                _utee_storage_obj_read
 .text._utee_storage_obj_write
                0x0000000000009a10        0xc /optee/optee_os/out/arm-plat-vexpress/export-ta_arm64/lib/libutee.a(utee_syscalls_a64.o)
                0x0000000000009a10                _utee_storage_obj_write
 .text._utee_storage_obj_trunc
                0x0000000000009a1c        0xc /optee/optee_os/out/arm-plat-vexpress/export-ta_arm64/lib/libutee.a(utee_syscalls_a64.o)
                0x0000000000009a1c                _utee_storage_obj_trunc
 .text._utee_storage_obj_seek
                0x0000000000009a28        0xc /optee/optee_os/out/arm-plat-vexpress/export-ta_arm64/lib/libutee.a(utee_syscalls_a64.o)
                0x0000000000009a28                _utee_storage_obj_seek
 .text._utee_cryp_obj_generate_key
                0x0000000000009a34        0xc /optee/optee_os/out/arm-plat-vexpress/export-ta_arm64/lib/libutee.a(utee_syscalls_a64.o)
                0x0000000000009a34                _utee_cryp_obj_generate_key
 .text._utee_cache_operation
                0x0000000000009a40        0xc /optee/optee_os/out/arm-plat-vexpress/export-ta_arm64/lib/libutee.a(utee_syscalls_a64.o)
                0x0000000000009a40                _utee_cache_operation
 .text.unlikely
                0x0000000000009a4c       0x20 /optee/optee_os/out/arm-plat-vexpress/export-ta_arm64/lib/libutee.a(abort.o)
                0x0000000000009a4c                abort
 .text          0x0000000000009a6c       0x58 /optee/optee_os/out/arm-plat-vexpress/export-ta_arm64/lib/libutee.a(assert.o)
                0x0000000000009a6c                _assert_log
                0x0000000000009ab0                _assert_break
 .text          0x0000000000009ac4     0x2168 /optee/optee_os/out/arm-plat-vexpress/export-ta_arm64/lib/libutee.a(tee_api_arith_mpi.o)
                0x000000000000a328                _TEE_MathAPI_Init
                0x000000000000a378                TEE_BigIntInit
                0x000000000000a3d8                __GP11_TEE_BigIntInit
                0x000000000000a3e0                TEE_BigIntConvertFromOctetString
                0x000000000000a4a8                __GP11_TEE_BigIntConvertFromOctetString
                0x000000000000a4b0                TEE_BigIntConvertToOctetString
                0x000000000000a578                __GP11_TEE_BigIntConvertToOctetString
                0x000000000000a5dc                TEE_BigIntConvertFromS32
                0x000000000000a690                TEE_BigIntConvertToS32
                0x000000000000a748                TEE_BigIntCmp
                0x000000000000a7e0                TEE_BigIntCmpS32
                0x000000000000aa30                TEE_BigIntShiftRight
                0x000000000000abd0                __GP11_TEE_BigIntShiftRight
                0x000000000000abd8                TEE_BigIntGetBit
                0x000000000000ac5c                TEE_BigIntGetBitCount
                0x000000000000acd4                TEE_BigIntSetBit
                0x000000000000ad84                TEE_BigIntAssign
                0x000000000000add4                TEE_BigIntAbs
                0x000000000000ae00                TEE_BigIntAdd
                0x000000000000ae0c                TEE_BigIntSub
                0x000000000000ae18                TEE_BigIntNeg
                0x000000000000aefc                TEE_BigIntMul
                0x000000000000b010                TEE_BigIntSquare
                0x000000000000b018                TEE_BigIntDiv
                0x000000000000b1cc                TEE_BigIntMod
                0x000000000000b238                TEE_BigIntAddMod
                0x000000000000b244                TEE_BigIntSubMod
                0x000000000000b250                TEE_BigIntMulMod
                0x000000000000b25c                TEE_BigIntSquareMod
                0x000000000000b268                TEE_BigIntInvMod
                0x000000000000b3b8                TEE_BigIntRelativePrime
                0x000000000000b4c0                TEE_BigIntExpMod
                0x000000000000b698                TEE_BigIntComputeExtendedGcd
                0x000000000000b908                TEE_BigIntIsProbablePrime
                0x000000000000b9a0                TEE_BigIntInitFMM
                0x000000000000b9a4                __GP11_TEE_BigIntInitFMM
                0x000000000000b9ac                TEE_BigIntInitFMMContext
                0x000000000000b9b0                __GP11_TEE_BigIntInitFMMContext
                0x000000000000b9b8                TEE_BigIntInitFMMContext1
                0x000000000000b9c0                TEE_BigIntFMMSizeInU32
                0x000000000000b9d0                __GP11_TEE_BigIntFMMSizeInU32
                0x000000000000b9e8                TEE_BigIntFMMContextSizeInU32
                0x000000000000b9f0                __GP11_TEE_BigIntFMMContextSizeInU32
                0x000000000000ba08                TEE_BigIntConvertToFMM
                0x000000000000ba0c                TEE_BigIntConvertFromFMM
                0x000000000000bae0                TEE_BigIntComputeFMM
 .text          0x000000000000bc2c      0xfd0 /optee/optee_os/out/arm-plat-vexpress/export-ta_arm64/lib/libutee.a(tee_api_property.o)
                0x000000000000bffc                TEE_GetPropertyAsString
                0x000000000000c260                __GP11_TEE_GetPropertyAsString
                0x000000000000c2fc                TEE_GetPropertyAsBool
                0x000000000000c3d4                TEE_GetPropertyAsU32
                0x000000000000c4bc                TEE_GetPropertyAsU64
                0x000000000000c5a4                __GP11_TEE_GetPropertyAsBinaryBlock
                0x000000000000c68c                TEE_GetPropertyAsBinaryBlock
                0x000000000000c728                TEE_GetPropertyAsUUID
                0x000000000000c810                TEE_GetPropertyAsIdentity
                0x000000000000c8f8                TEE_ResetPropertyEnumerator
                0x000000000000c904                TEE_AllocatePropertyEnumerator
                0x000000000000c94c                TEE_FreePropertyEnumerator
                0x000000000000c950                TEE_StartPropertyEnumerator
                0x000000000000c960                __GP11_TEE_GetPropertyName
                0x000000000000ca90                TEE_GetPropertyName
                0x000000000000cb1c                TEE_GetNextProperty
 .text          0x000000000000cbfc      0x34c /optee/optee_os/out/arm-plat-vexpress/export-ta_arm64/lib/libutee.a(tcb.o)
                0x000000000000cbfc                __utee_tcb_init
                0x000000000000ce3c                __tls_get_addr
                0x000000000000ce58                dl_iterate_phdr
 .text          0x000000000000cf48      0x250 /optee/optee_os/out/arm-plat-vexpress/export-ta_arm64/lib/libutee.a(base64.o)
                0x000000000000cf48                _base64_enc_len
                0x000000000000cf60                _base64_enc
                0x000000000000d074                _base64_dec
 .text          0x000000000000d198     0x369c /optee/optee_os/out/arm-plat-vexpress/export-ta_arm64/lib/libmbedtls.a(bignum.o)
                0x000000000000d2f8                mbedtls_mpi_init
                0x000000000000d30c                mbedtls_mpi_init_mempool
                0x000000000000d334                mbedtls_mpi_free
                0x000000000000d3a0                mbedtls_mpi_grow
                0x000000000000d4f4                mbedtls_mpi_shrink
                0x000000000000d60c                mbedtls_mpi_copy
                0x000000000000d6d8                mbedtls_mpi_swap
                0x000000000000d764                mbedtls_mpi_lset
                0x000000000000d7cc                mbedtls_mpi_get_bit
                0x000000000000d7f8                mbedtls_mpi_set_bit
                0x000000000000d884                mbedtls_mpi_lsb
                0x000000000000d8d8                mbedtls_mpi_bitlen
                0x000000000000d8e0                mbedtls_mpi_size
                0x000000000000d8fc                mbedtls_mpi_read_binary_le
                0x000000000000d958                mbedtls_mpi_read_binary
                0x000000000000d9b4                mbedtls_mpi_write_binary_le
                0x000000000000d9c4                mbedtls_mpi_write_binary
                0x000000000000d9d4                mbedtls_mpi_shift_l
                0x000000000000dae4                mbedtls_mpi_shift_r
                0x000000000000db14                mbedtls_mpi_cmp_abs
                0x000000000000dbb0                mbedtls_mpi_cmp_mpi
                0x000000000000dc80                mbedtls_mpi_cmp_int
                0x000000000000dcf8                mbedtls_mpi_add_abs
                0x000000000000ddf0                mbedtls_mpi_sub_abs
                0x000000000000dfa8                mbedtls_mpi_add_mpi
                0x000000000000dfb0                mbedtls_mpi_sub_mpi
                0x000000000000dfb8                mbedtls_mpi_add_int
                0x000000000000e030                mbedtls_mpi_sub_int
                0x000000000000e0a8                mbedtls_mpi_mul_mpi
                0x000000000000e264                mbedtls_mpi_mul_int
                0x000000000000e318                mbedtls_mpi_read_string
                0x000000000000e524                mbedtls_mpi_div_mpi
                0x000000000000ea44                mbedtls_mpi_div_int
                0x000000000000eabc                mbedtls_mpi_mod_mpi
                0x000000000000eb70                mbedtls_mpi_mod_int
                0x000000000000ec0c                mbedtls_mpi_write_string
                0x000000000000ef44                mbedtls_mpi_montg_init
                0x000000000000ef6c                mbedtls_mpi_montmul
                0x000000000000ef78                mbedtls_mpi_montred
                0x000000000000ef7c                mbedtls_mpi_exp_mod
                0x000000000000f614                mbedtls_mpi_gcd
                0x000000000000f7ec                mbedtls_mpi_fill_random
                0x000000000000faf8                mbedtls_mpi_random
                0x000000000000fb8c                mbedtls_mpi_inv_mod
                0x000000000000ffe4                mbedtls_mpi_is_prime_ext
                0x00000000000100c8                mbedtls_mpi_gen_prime
                0x0000000000010414                mbedtls_mpi_self_test
 .text          0x0000000000010834      0xe70 /optee/optee_os/out/arm-plat-vexpress/export-ta_arm64/lib/libmbedtls.a(bignum_core.o)
                0x0000000000010834                mbedtls_mpi_core_clz
                0x000000000001085c                mbedtls_mpi_core_bitlen
                0x00000000000108b0                mbedtls_mpi_core_bigendian_to_host
                0x00000000000108e4                mbedtls_mpi_core_uint_le_mpi
                0x0000000000010948                mbedtls_mpi_core_cond_assign
                0x000000000001096c                mbedtls_mpi_core_cond_swap
                0x00000000000109e8                mbedtls_mpi_core_read_le
                0x0000000000010a74                mbedtls_mpi_core_read_be
                0x0000000000010b04                mbedtls_mpi_core_write_le
                0x0000000000010bb0                mbedtls_mpi_core_write_be
                0x0000000000010c68                mbedtls_mpi_core_shift_r
                0x0000000000010d44                mbedtls_mpi_core_add
                0x0000000000010d80                mbedtls_mpi_core_add_if
                0x0000000000010df0                mbedtls_mpi_core_sub
                0x0000000000010e34                mbedtls_mpi_core_mla
                0x0000000000011000                mbedtls_mpi_core_montmul_init
                0x0000000000011034                mbedtls_mpi_core_montmul
                0x000000000001112c                mbedtls_mpi_core_get_mont_r2_unsafe
                0x0000000000011194                mbedtls_mpi_core_fill_random
                0x0000000000011244                mbedtls_mpi_core_random
                0x000000000001133c                mbedtls_mpi_core_exp_mod_working_limbs
                0x0000000000011364                mbedtls_mpi_core_exp_mod
                0x00000000000115c4                mbedtls_mpi_core_sub_int
                0x00000000000115f4                mbedtls_mpi_core_check_zero_ct
                0x000000000001161c                mbedtls_mpi_core_to_mont_rep
                0x0000000000011638                mbedtls_mpi_core_from_mont_rep
 .text          0x00000000000116a4      0x774 /optee/optee_os/out/arm-plat-vexpress/export-ta_arm64/lib/libmbedtls.a(constant_time.o)
                0x00000000000116c4                mbedtls_ct_memcmp
                0x00000000000116f8                mbedtls_ct_uint_mask
                0x0000000000011708                mbedtls_ct_mpi_uint_mask
                0x0000000000011718                mbedtls_ct_size_bool_eq
                0x0000000000011730                mbedtls_ct_mpi_uint_lt
                0x000000000001174c                mbedtls_ct_uint_if
                0x000000000001177c                mbedtls_ct_mpi_uint_cond_assign
                0x00000000000117b8                mbedtls_ct_base64_enc_char
                0x000000000001186c                mbedtls_ct_base64_dec_value
                0x0000000000011928                mbedtls_mpi_safe_cond_assign
                0x00000000000119e4                mbedtls_mpi_safe_cond_swap
                0x0000000000011a9c                mbedtls_mpi_core_lt_ct
                0x0000000000011b1c                mbedtls_mpi_lt_mpi_ct
                0x0000000000011c14                mbedtls_ct_rsaes_pkcs1_v15_unpadding
 .text          0x0000000000011e18      0x21c /optee/optee_os/out/arm-plat-vexpress/export-ta_arm64/lib/libmbedtls.a(platform_util.o)
                0x0000000000011e18                mbedtls_get_unaligned_uint16
                0x0000000000011e6c                mbedtls_put_unaligned_uint16
                0x0000000000011e84                mbedtls_get_unaligned_uint32
                0x0000000000011ee0                mbedtls_put_unaligned_uint32
                0x0000000000011f00                mbedtls_get_unaligned_uint64
                0x0000000000011f5c                mbedtls_put_unaligned_uint64
                0x0000000000011f7c                mbedtls_xor
                0x0000000000012014                mbedtls_platform_zeroize
 .text          0x0000000000012034     0x1288 /optee/optee_os/out/arm-plat-vexpress/export-ta_arm64/lib/libutils.a(bget_malloc.o)
                0x00000000000120c8                bget
                0x00000000000123a8                bgetz
                0x0000000000012430                brel
                0x00000000000126f4                bgetr
                0x00000000000127c4                bpool
                0x0000000000012894                bstats
                0x00000000000129b0                bget_main_test
                0x0000000000012c84                malloc_reset_stats
                0x0000000000012c9c                raw_memalign
                0x0000000000012d20                raw_malloc
                0x0000000000012d30                raw_free
                0x0000000000012d40                raw_calloc
                0x0000000000012db0                raw_realloc
                0x0000000000012ea4                malloc
                0x0000000000012ec0                calloc
                0x0000000000012ee0                realloc
                0x0000000000012efc                memalign
                0x0000000000012f1c                aligned_alloc
                0x0000000000012f34                free
                0x0000000000012f48                free_wipe
                0x0000000000012f5c                raw_malloc_get_ctx_size
                0x0000000000012f64                raw_malloc_init_ctx
                0x0000000000012f80                raw_malloc_add_pool
                0x0000000000013054                raw_malloc_buffer_overlaps_heap
                0x00000000000130d4                raw_malloc_buffer_is_within_alloced
                0x0000000000013224                raw_malloc_get_stats
                0x0000000000013260                malloc_get_stats
                0x0000000000013274                malloc_add_pool
                0x000000000001328c                malloc_buffer_is_within_alloced
                0x00000000000132a4                malloc_buffer_overlaps_heap
 .text          0x00000000000132bc      0x12c /optee/optee_os/out/arm-plat-vexpress/export-ta_arm64/lib/libutils.a(snprintf.o)
                0x00000000000132bc                snprintf
                0x0000000000013390                vsnprintf
 .text          0x00000000000133e8       0x5c /optee/optee_os/out/arm-plat-vexpress/export-ta_arm64/lib/libutils.a(memmove.o)
                0x00000000000133e8                memmove
 .text          0x0000000000013444       0x1c /optee/optee_os/out/arm-plat-vexpress/export-ta_arm64/lib/libutils.a(memset.o)
                0x0000000000013444                memset
 .text          0x0000000000013460       0x24 /optee/optee_os/out/arm-plat-vexpress/export-ta_arm64/lib/libutils.a(strcmp.o)
                0x0000000000013460                strcmp
 .text          0x0000000000013484       0x38 /optee/optee_os/out/arm-plat-vexpress/export-ta_arm64/lib/libutils.a(strlcpy.o)
                0x0000000000013484                strlcpy
 .text          0x00000000000134bc      0x198 /optee/optee_os/out/arm-plat-vexpress/export-ta_arm64/lib/libutils.a(mempool.o)
                0x00000000000134bc                mempool_alloc_pool
                0x0000000000013584                mempool_alloc
                0x00000000000135e8                mempool_calloc
                0x0000000000013638                mempool_free
 .text          0x0000000000013654       0x70 /optee/optee_os/out/arm-plat-vexpress/export-ta_arm64/lib/libutils.a(consttime_memcmp.o)
                0x0000000000013654                consttime_memcmp
 .text          0x00000000000136c4        0x0 /optee/optee_os/out/arm-plat-vexpress/export-ta_arm64/lib/libutee.a(utee_syscalls_a64.o)
 .text          0x00000000000136c4        0x0 /optee/optee_os/out/arm-plat-vexpress/export-ta_arm64/lib/libutee.a(abort.o)
 *(SORT_BY_ALIGNMENT(.stub))
 *(SORT_BY_ALIGNMENT(.glue_7))
 *(SORT_BY_ALIGNMENT(.glue_7t))
 *(SORT_BY_ALIGNMENT(.gnu.linkonce.t.*))
 *(SORT_BY_ALIGNMENT(.vfp11_veneer))
                0x00000000000136c4                __text_end = .

.note.gnu.property
 *(SORT_BY_ALIGNMENT(.note.gnu.property))

.plt            0x00000000000136c4        0x0
 *(SORT_BY_ALIGNMENT(.plt))
 .plt           0x00000000000136c4        0x0 ./aesgcm_ta.o

.eh_frame_hdr
 *(SORT_BY_ALIGNMENT(.eh_frame_hdr))
 *(SORT_BY_ALIGNMENT(.eh_frame_entry) SORT_BY_ALIGNMENT(.eh_frame_entry.*))

.eh_frame       0x00000000000136c8     0x4024
 *(SORT_BY_ALIGNMENT(.eh_frame))
 .eh_frame      0x00000000000136c8       0xa8 ./aesgcm_ta.o
 .eh_frame      0x0000000000013770       0x30 ./user_ta_header.o
                                         0x40 (size before relaxing)
 .eh_frame      0x00000000000137a0       0x18 /optee/optee_os/out/arm-plat-vexpress/export-ta_arm64/lib/libutils.a(stack_check.o)
                                         0x30 (size before relaxing)
 .eh_frame      0x00000000000137b8       0xb8 /optee/optee_os/out/arm-plat-vexpress/export-ta_arm64/lib/libutils.a(trace.o)
                                         0xc8 (size before relaxing)
 .eh_frame      0x0000000000013870       0x18 /optee/optee_os/out/arm-plat-vexpress/export-ta_arm64/lib/libutils.a(memcpy.o)
                                         0x28 (size before relaxing)
 .eh_frame      0x0000000000013888       0xf0 /optee/optee_os/out/arm-plat-vexpress/export-ta_arm64/lib/libutils.a(snprintk.o)
                                        0x100 (size before relaxing)
 .eh_frame      0x0000000000013978       0x18 /optee/optee_os/out/arm-plat-vexpress/export-ta_arm64/lib/libutils.a(memchr.o)
                                         0x28 (size before relaxing)
 .eh_frame      0x0000000000013990       0x18 /optee/optee_os/out/arm-plat-vexpress/export-ta_arm64/lib/libutils.a(strlen.o)
                                         0x28 (size before relaxing)
 .eh_frame      0x00000000000139a8       0xa8 /optee/optee_os/out/arm-plat-vexpress/export-ta_arm64/lib/libutee.a(trace_ext.o)
                                         0xc0 (size before relaxing)
 .eh_frame      0x0000000000013a50      0x590 /optee/optee_os/out/arm-plat-vexpress/export-ta_arm64/lib/libutee.a(tee_api.o)
                                        0x5a8 (size before relaxing)
 .eh_frame      0x0000000000013fe0      0x758 /optee/optee_os/out/arm-plat-vexpress/export-ta_arm64/lib/libutee.a(tee_api_objects.o)
                                        0x768 (size before relaxing)
 .eh_frame      0x0000000000014738      0xae0 /optee/optee_os/out/arm-plat-vexpress/export-ta_arm64/lib/libutee.a(tee_api_operations.o)
                                        0xaf0 (size before relaxing)
 .eh_frame      0x0000000000015218      0x178 /optee/optee_os/out/arm-plat-vexpress/export-ta_arm64/lib/libutee.a(tee_api_panic.o)
                                        0x188 (size before relaxing)
 .eh_frame      0x0000000000015390       0xa8 /optee/optee_os/out/arm-plat-vexpress/export-ta_arm64/lib/libutee.a(tee_system_pta.o)
                                         0xc0 (size before relaxing)
 .eh_frame      0x0000000000015438      0x150 /optee/optee_os/out/arm-plat-vexpress/export-ta_arm64/lib/libutee.a(user_ta_entry.o)
                                        0x160 (size before relaxing)
 .eh_frame      0x0000000000015588       0x18 /optee/optee_os/out/arm-plat-vexpress/export-ta_arm64/lib/libutee.a(abort.o)
                                         0x30 (size before relaxing)
 .eh_frame      0x00000000000155a0       0x38 /optee/optee_os/out/arm-plat-vexpress/export-ta_arm64/lib/libutee.a(assert.o)
                                         0x50 (size before relaxing)
 .eh_frame      0x00000000000155d8      0x7d0 /optee/optee_os/out/arm-plat-vexpress/export-ta_arm64/lib/libutee.a(tee_api_arith_mpi.o)
                                        0x7e0 (size before relaxing)
 .eh_frame      0x0000000000015da8      0x310 /optee/optee_os/out/arm-plat-vexpress/export-ta_arm64/lib/libutee.a(tee_api_property.o)
                                        0x320 (size before relaxing)
 .eh_frame      0x00000000000160b8       0x90 /optee/optee_os/out/arm-plat-vexpress/export-ta_arm64/lib/libutee.a(tcb.o)
                                         0xa0 (size before relaxing)
 .eh_frame      0x0000000000016148       0x58 /optee/optee_os/out/arm-plat-vexpress/export-ta_arm64/lib/libutee.a(base64.o)
                                         0x70 (size before relaxing)
 .eh_frame      0x00000000000161a0      0x910 /optee/optee_os/out/arm-plat-vexpress/export-ta_arm64/lib/libmbedtls.a(bignum.o)
                                        0x920 (size before relaxing)
 .eh_frame      0x0000000000016ab0      0x3c8 /optee/optee_os/out/arm-plat-vexpress/export-ta_arm64/lib/libmbedtls.a(bignum_core.o)
                                        0x3e0 (size before relaxing)
 .eh_frame      0x0000000000016e78      0x218 /optee/optee_os/out/arm-plat-vexpress/export-ta_arm64/lib/libmbedtls.a(constant_time.o)
                                        0x228 (size before relaxing)
 .eh_frame      0x0000000000017090      0x110 /optee/optee_os/out/arm-plat-vexpress/export-ta_arm64/lib/libmbedtls.a(platform_util.o)
                                        0x128 (size before relaxing)
 .eh_frame      0x00000000000171a0      0x3f0 /optee/optee_os/out/arm-plat-vexpress/export-ta_arm64/lib/libutils.a(bget_malloc.o)
                                        0x400 (size before relaxing)
 .eh_frame      0x0000000000017590       0x58 /optee/optee_os/out/arm-plat-vexpress/export-ta_arm64/lib/libutils.a(snprintf.o)
                                         0x68 (size before relaxing)
 .eh_frame      0x00000000000175e8       0x18 /optee/optee_os/out/arm-plat-vexpress/export-ta_arm64/lib/libutils.a(memmove.o)
                                         0x28 (size before relaxing)
 .eh_frame      0x0000000000017600       0x18 /optee/optee_os/out/arm-plat-vexpress/export-ta_arm64/lib/libutils.a(memset.o)
                                         0x28 (size before relaxing)
 .eh_frame      0x0000000000017618       0x18 /optee/optee_os/out/arm-plat-vexpress/export-ta_arm64/lib/libutils.a(strcmp.o)
                                         0x28 (size before relaxing)
 .eh_frame      0x0000000000017630       0x18 /optee/optee_os/out/arm-plat-vexpress/export-ta_arm64/lib/libutils.a(strlcpy.o)
                                         0x28 (size before relaxing)
 .eh_frame      0x0000000000017648       0x88 /optee/optee_os/out/arm-plat-vexpress/export-ta_arm64/lib/libutils.a(mempool.o)
                                         0xa0 (size before relaxing)
 .eh_frame      0x00000000000176d0       0x1c /optee/optee_os/out/arm-plat-vexpress/export-ta_arm64/lib/libutils.a(consttime_memcmp.o)
                                         0x30 (size before relaxing)
 *(SORT_BY_ALIGNMENT(.eh_frame.*))

.gcc_except_table
 *(SORT_BY_ALIGNMENT(.gcc_except_table) SORT_BY_ALIGNMENT(.gcc_except_table.*))

.rodata         0x00000000000176f0     0x1419
 *(SORT_BY_ALIGNMENT(.gnu.linkonce.r.*))
 *(SORT_BY_ALIGNMENT(.rodata) SORT_BY_ALIGNMENT(.rodata.*))
 .rodata.user_ta_header.c
                0x00000000000176f0       0x33 ./user_ta_header.o
                0x00000000000176f0                ta_num_props
                0x0000000000017710                __ta_no_share_heap_size
                0x0000000000017718                ta_heap_size
                0x0000000000017720                trace_ext_prefix
 *fill*         0x0000000000017723        0x5 
 .rodata.lib/libutee/tee_api.c
                0x0000000000017728       0x20 /optee/optee_os/out/arm-plat-vexpress/export-ta_arm64/lib/libutee.a(tee_api.o)
 .rodata.lib/libutils/ext/snprintk.c
                0x0000000000017748       0xac /optee/optee_os/out/arm-plat-vexpress/export-ta_arm64/lib/libutils.a(snprintk.o)
 .rodata.lib/libutee/tee_api_operations.c
                0x00000000000177f4       0x20 /optee/optee_os/out/arm-plat-vexpress/export-ta_arm64/lib/libutee.a(tee_api_operations.o)
 .rodata.lib/libutee/tee_system_pta.c
                0x0000000000017814       0x31 /optee/optee_os/out/arm-plat-vexpress/export-ta_arm64/lib/libutee.a(tee_system_pta.o)
 *fill*         0x0000000000017845        0x3 
 .rodata.lib/libutee/tee_api_property.c
                0x0000000000017848       0x20 /optee/optee_os/out/arm-plat-vexpress/export-ta_arm64/lib/libutee.a(tee_api_property.o)
 .rodata.lib/libutee/base64.c
                0x0000000000017868       0x45 /optee/optee_os/out/arm-plat-vexpress/export-ta_arm64/lib/libutee.a(base64.o)
 *fill*         0x00000000000178ad        0x3 
 .rodata.lib/libmbedtls/mbedtls/library/bignum.c
                0x00000000000178b0      0x2c4 /optee/optee_os/out/arm-plat-vexpress/export-ta_arm64/lib/libmbedtls.a(bignum.o)
 .rodata.str1.1.aesgcm_ta.c
                0x0000000000017b74       0x68 ./aesgcm_ta.o
 .rodata.aesgcm_ta.c
                0x0000000000017bdc       0x18 ./aesgcm_ta.o
 .rodata.str1.1.user_ta_header.c
                0x0000000000017bf4      0x10f ./user_ta_header.o
 .rodata.str1.1.lib/libutils/isoc/stack_check.c
                0x0000000000017d03       0x18 /optee/optee_os/out/arm-plat-vexpress/export-ta_arm64/lib/libutils.a(stack_check.o)
 .rodata.str1.1.lib/libutils/ext/trace.c
                0x0000000000017d1b       0x1a /optee/optee_os/out/arm-plat-vexpress/export-ta_arm64/lib/libutils.a(trace.o)
                                         0x1b (size before relaxing)
 .rodata.lib/libutils/ext/trace.c
                0x0000000000017d35        0x5 /optee/optee_os/out/arm-plat-vexpress/export-ta_arm64/lib/libutils.a(trace.o)
 .rodata.str1.1.lib/libutils/ext/snprintk.c
                0x0000000000017d3a       0x38 /optee/optee_os/out/arm-plat-vexpress/export-ta_arm64/lib/libutils.a(snprintk.o)
 .rodata.str1.1.lib/libutee/trace_ext.c
                0x0000000000017d72       0x38 /optee/optee_os/out/arm-plat-vexpress/export-ta_arm64/lib/libutee.a(trace_ext.o)
                                          0x2 (size before relaxing)
 .rodata.str1.1.lib/libutee/tee_api.c
                0x0000000000017d72       0x11 /optee/optee_os/out/arm-plat-vexpress/export-ta_arm64/lib/libutee.a(tee_api.o)
 .rodata.str1.1.lib/libutee/tee_api_operations.c
                0x0000000000017d83       0x39 /optee/optee_os/out/arm-plat-vexpress/export-ta_arm64/lib/libutee.a(tee_api_operations.o)
 .rodata.str1.1.lib/libutee/tee_system_pta.c
                0x0000000000017dbc       0x55 /optee/optee_os/out/arm-plat-vexpress/export-ta_arm64/lib/libutee.a(tee_system_pta.o)
 .rodata.str1.1.lib/libutee/user_ta_entry.c
                0x0000000000017e11       0x4f /optee/optee_os/out/arm-plat-vexpress/export-ta_arm64/lib/libutee.a(user_ta_entry.o)
 .rodata.lib/libutee/user_ta_entry.c
                0x0000000000017e60       0x16 /optee/optee_os/out/arm-plat-vexpress/export-ta_arm64/lib/libutee.a(user_ta_entry.o)
 .rodata.str1.1.lib/libutee/abort.c
                0x0000000000017e76        0x7 /optee/optee_os/out/arm-plat-vexpress/export-ta_arm64/lib/libutee.a(abort.o)
 .rodata.str1.1.lib/libutee/assert.c
                0x0000000000017e7d       0x27 /optee/optee_os/out/arm-plat-vexpress/export-ta_arm64/lib/libutee.a(assert.o)
 .rodata.str1.1.lib/libutee/tee_api_arith_mpi.c
                0x0000000000017ea4       0xc9 /optee/optee_os/out/arm-plat-vexpress/export-ta_arm64/lib/libutee.a(tee_api_arith_mpi.o)
 .rodata.lib/libutee/tee_api_arith_mpi.c
                0x0000000000017f6d      0x14e /optee/optee_os/out/arm-plat-vexpress/export-ta_arm64/lib/libutee.a(tee_api_arith_mpi.o)
 .rodata.str1.1.lib/libutee/tee_api_property.c
                0x00000000000180bb       0x83 /optee/optee_os/out/arm-plat-vexpress/export-ta_arm64/lib/libutee.a(tee_api_property.o)
                                         0x88 (size before relaxing)
 .rodata.str1.1.lib/libutee/tcb.c
                0x000000000001813e       0x8d /optee/optee_os/out/arm-plat-vexpress/export-ta_arm64/lib/libutee.a(tcb.o)
 .rodata.lib/libutee/tcb.c
                0x00000000000181cb       0x20 /optee/optee_os/out/arm-plat-vexpress/export-ta_arm64/lib/libutee.a(tcb.o)
 .rodata.str1.1.lib/libmbedtls/mbedtls/library/bignum.c
                0x00000000000181eb      0x456 /optee/optee_os/out/arm-plat-vexpress/export-ta_arm64/lib/libmbedtls.a(bignum.o)
                                        0x45d (size before relaxing)
 .rodata.str1.1.lib/libutils/isoc/bget_malloc.c
                0x0000000000018641      0x3a9 /optee/optee_os/out/arm-plat-vexpress/export-ta_arm64/lib/libutils.a(bget_malloc.o)
                                        0x3b2 (size before relaxing)
 .rodata.lib/libutils/isoc/bget_malloc.c
                0x00000000000189ea       0x6a /optee/optee_os/out/arm-plat-vexpress/export-ta_arm64/lib/libutils.a(bget_malloc.o)
 .rodata.str1.1.lib/libutils/ext/mempool.c
                0x0000000000018a54       0x89 /optee/optee_os/out/arm-plat-vexpress/export-ta_arm64/lib/libutils.a(mempool.o)
 .rodata.lib/libutils/ext/mempool.c
                0x0000000000018add       0x2c /optee/optee_os/out/arm-plat-vexpress/export-ta_arm64/lib/libutils.a(mempool.o)

.gnu.version_d  0x0000000000018b10        0x0
 .gnu.version_d
                0x0000000000018b10        0x0 ./aesgcm_ta.o

.gnu.version    0x0000000000018b0a        0x0
 .gnu.version   0x0000000000018b0a        0x0 ./aesgcm_ta.o

.gnu.version_r  0x0000000000018b10        0x0
 .gnu.version_r
                0x0000000000018b10        0x0 ./aesgcm_ta.o

.gnu.hash       0x0000000000018b10       0x34
 .gnu.hash      0x0000000000018b10       0x34 ./aesgcm_ta.o

.ta_head        0x0000000000018b48       0x20
 .ta_head       0x0000000000018b48       0x20 ./user_ta_header.o
                0x0000000000018b48                ta_head

.ARM.extab
 *(SORT_BY_ALIGNMENT(.ARM.extab*) SORT_BY_ALIGNMENT(.gnu.linkonce.armextab.*))
                [!provide]                        PROVIDE (__exidx_start = .)

.ARM.exidx
 *(SORT_BY_ALIGNMENT(.ARM.exidx*) SORT_BY_ALIGNMENT(.gnu.linkonce.armexidx.*))
                [!provide]                        PROVIDE (__exidx_end = .)

.ctors
 *(SORT_BY_ALIGNMENT(.ctors))

.dtors
 *(SORT_BY_ALIGNMENT(.dtors))

.dynsym         0x0000000000018b68       0xa8
 *(SORT_BY_ALIGNMENT(.dynsym))
 .dynsym        0x0000000000018b68       0xa8 ./aesgcm_ta.o

.dynstr         0x0000000000018c10       0x36
 *(SORT_BY_ALIGNMENT(.dynstr))
 .dynstr        0x0000000000018c10       0x36 ./aesgcm_ta.o

.hash           0x0000000000018c48       0x30
 *(SORT_BY_ALIGNMENT(.hash))
 .hash          0x0000000000018c48       0x30 ./aesgcm_ta.o

.rela.dyn       0x0000000000018c78      0x378
 .rela.data.rel.ro
                0x0000000000018c78        0x0 ./aesgcm_ta.o
 .rela.ifunc    0x0000000000018c78        0x0 ./aesgcm_ta.o
 .rela.data.rel.ro.local
                0x0000000000018c78      0x2d0 ./aesgcm_ta.o
 .rela.data.rel.local
                0x0000000000018f48       0x90 ./aesgcm_ta.o
 .rela.data.rel
                0x0000000000018fd8       0x18 ./aesgcm_ta.o
                0x0000000000019000                . = ALIGN (0x1000)

.dynamic        0x0000000000019000      0x110
 *(SORT_BY_ALIGNMENT(.dynamic))
 .dynamic       0x0000000000019000      0x110 ./aesgcm_ta.o
                0x0000000000019000                _DYNAMIC

.tdata
 *(SORT_BY_ALIGNMENT(.tdata) SORT_BY_ALIGNMENT(.tdata.*) SORT_BY_ALIGNMENT(.gnu.linkonce.td.*))

.tbss
 *(SORT_BY_ALIGNMENT(.tbss) SORT_BY_ALIGNMENT(.tbss.*) SORT_BY_ALIGNMENT(.gnu.linkonce.tb.*))
 *(SORT_BY_ALIGNMENT(.tcommon))

.got            0x0000000000019110       0xd0
 *(SORT_BY_ALIGNMENT(.got.plt))
 .got.plt       0x0000000000019110       0x18 ./aesgcm_ta.o
 *(SORT_BY_ALIGNMENT(.got))
 .got           0x0000000000019128       0xb8 ./aesgcm_ta.o
                0x0000000000019128                _GLOBAL_OFFSET_TABLE_

.rel.text
 *(SORT_BY_ALIGNMENT(.rel.text))
 *(SORT_BY_ALIGNMENT(.rel.gnu.linkonce.t*))

.rela.text
 *(SORT_BY_ALIGNMENT(.rela.text))
 *(SORT_BY_ALIGNMENT(.rela.gnu.linkonce.t*))

.rel.data
 *(SORT_BY_ALIGNMENT(.rel.data))
 *(SORT_BY_ALIGNMENT(.rel.gnu.linkonce.d*))

.rela.data
 *(SORT_BY_ALIGNMENT(.rela.data))
 *(SORT_BY_ALIGNMENT(.rela.gnu.linkonce.d*))

.rel.tdata
 *(SORT_BY_ALIGNMENT(.rel.tdata) SORT_BY_ALIGNMENT(.rel.tdata.*) SORT_BY_ALIGNMENT(.rel.gnu.linkonce.td.*))

.rela.tdata
 *(SORT_BY_ALIGNMENT(.rela.tdata) SORT_BY_ALIGNMENT(.rela.tdata.*) SORT_BY_ALIGNMENT(.rela.gnu.linkonce.td.*))

.rel.tbss
 *(SORT_BY_ALIGNMENT(.rel.tbss) SORT_BY_ALIGNMENT(.rel.tbss.*) SORT_BY_ALIGNMENT(.rel.gnu.linkonce.tb.*))

.rela.tbss
 *(SORT_BY_ALIGNMENT(.rela.tbss) SORT_BY_ALIGNMENT(.rela.tbss.*) SORT_BY_ALIGNMENT(.rela.gnu.linkonce.tb.*))

.rel.rodata
 *(SORT_BY_ALIGNMENT(.rel.rodata))
 *(SORT_BY_ALIGNMENT(.rel.gnu.linkonce.r*))

.rela.rodata
 *(SORT_BY_ALIGNMENT(.rela.rodata))
 *(SORT_BY_ALIGNMENT(.rela.gnu.linkonce.r*))

.rel.dyn
 *(SORT_BY_ALIGNMENT(.rel.dyn))

.rel.got
 *(SORT_BY_ALIGNMENT(.rel.got))

.rela.got       0x00000000000191e0      0x210
 *(SORT_BY_ALIGNMENT(.rela.got))
 .rela.got      0x00000000000191e0      0x210 ./aesgcm_ta.o

.rel.ctors
 *(SORT_BY_ALIGNMENT(.rel.ctors))

.rela.ctors
 *(SORT_BY_ALIGNMENT(.rela.ctors))

.rel.dtors
 *(SORT_BY_ALIGNMENT(.rel.dtors))

.rela.dtors
 *(SORT_BY_ALIGNMENT(.rela.dtors))

.rel.init
 *(SORT_BY_ALIGNMENT(.rel.init))

.rela.init
 *(SORT_BY_ALIGNMENT(.rela.init))

.rel.fini
 *(SORT_BY_ALIGNMENT(.rel.fini))

.rela.fini
 *(SORT_BY_ALIGNMENT(.rela.fini))

.rel.bss
 *(SORT_BY_ALIGNMENT(.rel.bss))

.rela.bss       0x00000000000193f0        0x0
 *(SORT_BY_ALIGNMENT(.rela.bss))
 .rela.bss      0x00000000000193f0        0x0 ./aesgcm_ta.o

.rel.plt
 *(SORT_BY_ALIGNMENT(.rel.plt))

.rela.plt       0x00000000000193f0        0x0
 *(SORT_BY_ALIGNMENT(.rela.plt))
 .rela.plt      0x00000000000193f0        0x0 ./aesgcm_ta.o

.data           0x00000000000193f0      0x25c
 *(SORT_BY_ALIGNMENT(.data) SORT_BY_ALIGNMENT(.data.*) SORT_BY_ALIGNMENT(.gnu.linkonce.d.*))
 .data.rel.ro.local
                0x00000000000193f0      0x108 ./user_ta_header.o
                0x00000000000193f0                ta_props
 .data          0x00000000000194f8        0x8 /optee/optee_os/out/arm-plat-vexpress/export-ta_arm64/lib/libutils.a(stack_check.o)
                0x00000000000194f8                __stack_chk_guard
 .data.rel.local
                0x0000000000019500       0x20 /optee/optee_os/out/arm-plat-vexpress/export-ta_arm64/lib/libutee.a(user_ta_entry.o)
 .data.rel.ro.local
                0x0000000000019520       0x60 /optee/optee_os/out/arm-plat-vexpress/export-ta_arm64/lib/libutee.a(tee_api_property.o)
                0x0000000000019520                tee_props
 .data.rel      0x0000000000019580        0x8 /optee/optee_os/out/arm-plat-vexpress/export-ta_arm64/lib/libmbedtls.a(platform_util.o)
 .data          0x0000000000019588        0x8 /optee/optee_os/out/arm-plat-vexpress/export-ta_arm64/lib/libutils.a(bget_malloc.o)
 .data.rel.local
                0x0000000000019590       0xb8 /optee/optee_os/out/arm-plat-vexpress/export-ta_arm64/lib/libutils.a(bget_malloc.o)
 .data          0x0000000000019648        0x4 ./user_ta_header.o
                0x0000000000019648                trace_level
 .data          0x000000000001964c        0x0 ./aesgcm_ta.o
 .data.rel.ro   0x000000000001964c        0x0 ./aesgcm_ta.o
 .data          0x000000000001964c        0x0 /optee/optee_os/out/arm-plat-vexpress/export-ta_arm64/lib/libutils.a(trace.o)
 .data          0x000000000001964c        0x0 /optee/optee_os/out/arm-plat-vexpress/export-ta_arm64/lib/libutils.a(memcpy.o)
 .data          0x000000000001964c        0x0 /optee/optee_os/out/arm-plat-vexpress/export-ta_arm64/lib/libutils.a(snprintk.o)
 .data          0x000000000001964c        0x0 /optee/optee_os/out/arm-plat-vexpress/export-ta_arm64/lib/libutils.a(memchr.o)
 .data          0x000000000001964c        0x0 /optee/optee_os/out/arm-plat-vexpress/export-ta_arm64/lib/libutils.a(strlen.o)
 .data          0x000000000001964c        0x0 /optee/optee_os/out/arm-plat-vexpress/export-ta_arm64/lib/libutee.a(trace_ext.o)
 .data          0x000000000001964c        0x0 /optee/optee_os/out/arm-plat-vexpress/export-ta_arm64/lib/libutee.a(tee_api.o)
 .data          0x000000000001964c        0x0 /optee/optee_os/out/arm-plat-vexpress/export-ta_arm64/lib/libutee.a(tee_api_objects.o)
 .data          0x000000000001964c        0x0 /optee/optee_os/out/arm-plat-vexpress/export-ta_arm64/lib/libutee.a(tee_api_operations.o)
 .data          0x000000000001964c        0x0 /optee/optee_os/out/arm-plat-vexpress/export-ta_arm64/lib/libutee.a(tee_api_panic.o)
 .data          0x000000000001964c        0x0 /optee/optee_os/out/arm-plat-vexpress/export-ta_arm64/lib/libutee.a(tee_system_pta.o)
 .data          0x000000000001964c        0x0 /optee/optee_os/out/arm-plat-vexpress/export-ta_arm64/lib/libutee.a(user_ta_entry.o)
 .data          0x000000000001964c        0x0 /optee/optee_os/out/arm-plat-vexpress/export-ta_arm64/lib/libutee.a(utee_syscalls_a64.o)
 .data          0x000000000001964c        0x0 /optee/optee_os/out/arm-plat-vexpress/export-ta_arm64/lib/libutee.a(abort.o)
 .data          0x000000000001964c        0x0 /optee/optee_os/out/arm-plat-vexpress/export-ta_arm64/lib/libutee.a(assert.o)
 .data          0x000000000001964c        0x0 /optee/optee_os/out/arm-plat-vexpress/export-ta_arm64/lib/libutee.a(tee_api_arith_mpi.o)
 .data          0x000000000001964c        0x0 /optee/optee_os/out/arm-plat-vexpress/export-ta_arm64/lib/libutee.a(tee_api_property.o)
 .data          0x000000000001964c        0x0 /optee/optee_os/out/arm-plat-vexpress/export-ta_arm64/lib/libutee.a(tcb.o)
 .data          0x000000000001964c        0x0 /optee/optee_os/out/arm-plat-vexpress/export-ta_arm64/lib/libutee.a(base64.o)
 .data          0x000000000001964c        0x0 /optee/optee_os/out/arm-plat-vexpress/export-ta_arm64/lib/libmbedtls.a(bignum.o)
 .data          0x000000000001964c        0x0 /optee/optee_os/out/arm-plat-vexpress/export-ta_arm64/lib/libmbedtls.a(bignum_core.o)
 .data          0x000000000001964c        0x0 /optee/optee_os/out/arm-plat-vexpress/export-ta_arm64/lib/libmbedtls.a(constant_time.o)
 .data          0x000000000001964c        0x0 /optee/optee_os/out/arm-plat-vexpress/export-ta_arm64/lib/libmbedtls.a(platform_util.o)
 .data          0x000000000001964c        0x0 /optee/optee_os/out/arm-plat-vexpress/export-ta_arm64/lib/libutils.a(snprintf.o)
 .data          0x000000000001964c        0x0 /optee/optee_os/out/arm-plat-vexpress/export-ta_arm64/lib/libutils.a(memmove.o)
 .data          0x000000000001964c        0x0 /optee/optee_os/out/arm-plat-vexpress/export-ta_arm64/lib/libutils.a(memset.o)
 .data          0x000000000001964c        0x0 /optee/optee_os/out/arm-plat-vexpress/export-ta_arm64/lib/libutils.a(strcmp.o)
 .data          0x000000000001964c        0x0 /optee/optee_os/out/arm-plat-vexpress/export-ta_arm64/lib/libutils.a(strlcpy.o)
 .data          0x000000000001964c        0x0 /optee/optee_os/out/arm-plat-vexpress/export-ta_arm64/lib/libutils.a(mempool.o)
 .data          0x000000000001964c        0x0 /optee/optee_os/out/arm-plat-vexpress/export-ta_arm64/lib/libutils.a(consttime_memcmp.o)

.bss            0x0000000000019650     0xb8a8
 *(SORT_BY_ALIGNMENT(.bss) SORT_BY_ALIGNMENT(.bss.*) SORT_BY_ALIGNMENT(.gnu.linkonce.b.*) SORT_BY_ALIGNMENT(COMMON))
 .bss           0x0000000000019650       0x10 /optee/optee_os/out/arm-plat-vexpress/export-ta_arm64/lib/libutee.a(tee_api.o)
 .bss           0x0000000000019660        0x8 /optee/optee_os/out/arm-plat-vexpress/export-ta_arm64/lib/libutee.a(tee_system_pta.o)
 .bss           0x0000000000019668       0x6c /optee/optee_os/out/arm-plat-vexpress/export-ta_arm64/lib/libutee.a(user_ta_entry.o)
                0x0000000000019678                __elf_phdr_info
                0x0000000000019688                __ta_no_share_malloc_ctx
                0x0000000000019690                ta_params
                0x00000000000196d0                ta_param_types
 *fill*         0x00000000000196d4        0x4 
 .bss           0x00000000000196d8     0x3800 /optee/optee_os/out/arm-plat-vexpress/export-ta_arm64/lib/libutee.a(tee_api_arith_mpi.o)
 .bss           0x000000000001ced8       0x10 /optee/optee_os/out/arm-plat-vexpress/export-ta_arm64/lib/libutee.a(tcb.o)
 .bss           0x000000000001cee8        0x8 /optee/optee_os/out/arm-plat-vexpress/export-ta_arm64/lib/libmbedtls.a(bignum.o)
                0x000000000001cee8                mbedtls_mpi_mempool
 .bss           0x000000000001cef0        0x8 /optee/optee_os/out/arm-plat-vexpress/export-ta_arm64/lib/libutils.a(bget_malloc.o)
 .bss           0x000000000001cef8        0x0 ./aesgcm_ta.o
 .bss           0x000000000001cef8     0x8000 ./user_ta_header.o
                0x000000000001cef8                ta_heap
                0x000000000001cef8                __ta_no_share_heap
 .bss           0x0000000000024ef8        0x0 /optee/optee_os/out/arm-plat-vexpress/export-ta_arm64/lib/libutils.a(stack_check.o)
 .bss           0x0000000000024ef8        0x0 /optee/optee_os/out/arm-plat-vexpress/export-ta_arm64/lib/libutils.a(trace.o)
 .bss           0x0000000000024ef8        0x0 /optee/optee_os/out/arm-plat-vexpress/export-ta_arm64/lib/libutils.a(memcpy.o)
 .bss           0x0000000000024ef8        0x0 /optee/optee_os/out/arm-plat-vexpress/export-ta_arm64/lib/libutils.a(snprintk.o)
 .bss           0x0000000000024ef8        0x0 /optee/optee_os/out/arm-plat-vexpress/export-ta_arm64/lib/libutils.a(memchr.o)
 .bss           0x0000000000024ef8        0x0 /optee/optee_os/out/arm-plat-vexpress/export-ta_arm64/lib/libutils.a(strlen.o)
 .bss           0x0000000000024ef8        0x0 /optee/optee_os/out/arm-plat-vexpress/export-ta_arm64/lib/libutee.a(trace_ext.o)
 .bss           0x0000000000024ef8        0x0 /optee/optee_os/out/arm-plat-vexpress/export-ta_arm64/lib/libutee.a(tee_api_objects.o)
 .bss           0x0000000000024ef8        0x0 /optee/optee_os/out/arm-plat-vexpress/export-ta_arm64/lib/libutee.a(tee_api_operations.o)
 .bss           0x0000000000024ef8        0x0 /optee/optee_os/out/arm-plat-vexpress/export-ta_arm64/lib/libutee.a(tee_api_panic.o)
 .bss           0x0000000000024ef8        0x0 /optee/optee_os/out/arm-plat-vexpress/export-ta_arm64/lib/libutee.a(utee_syscalls_a64.o)
 .bss           0x0000000000024ef8        0x0 /optee/optee_os/out/arm-plat-vexpress/export-ta_arm64/lib/libutee.a(abort.o)
 .bss           0x0000000000024ef8        0x0 /optee/optee_os/out/arm-plat-vexpress/export-ta_arm64/lib/libutee.a(assert.o)
 .bss           0x0000000000024ef8        0x0 /optee/optee_os/out/arm-plat-vexpress/export-ta_arm64/lib/libutee.a(tee_api_property.o)
 .bss           0x0000000000024ef8        0x0 /optee/optee_os/out/arm-plat-vexpress/export-ta_arm64/lib/libutee.a(base64.o)
 .bss           0x0000000000024ef8        0x0 /optee/optee_os/out/arm-plat-vexpress/export-ta_arm64/lib/libmbedtls.a(bignum_core.o)
 .bss           0x0000000000024ef8        0x0 /optee/optee_os/out/arm-plat-vexpress/export-ta_arm64/lib/libmbedtls.a(constant_time.o)
 .bss           0x0000000000024ef8        0x0 /optee/optee_os/out/arm-plat-vexpress/export-ta_arm64/lib/libmbedtls.a(platform_util.o)
 .bss           0x0000000000024ef8        0x0 /optee/optee_os/out/arm-plat-vexpress/export-ta_arm64/lib/libutils.a(snprintf.o)
 .bss           0x0000000000024ef8        0x0 /optee/optee_os/out/arm-plat-vexpress/export-ta_arm64/lib/libutils.a(memmove.o)
 .bss           0x0000000000024ef8        0x0 /optee/optee_os/out/arm-plat-vexpress/export-ta_arm64/lib/libutils.a(memset.o)
 .bss           0x0000000000024ef8        0x0 /optee/optee_os/out/arm-plat-vexpress/export-ta_arm64/lib/libutils.a(strcmp.o)
 .bss           0x0000000000024ef8        0x0 /optee/optee_os/out/arm-plat-vexpress/export-ta_arm64/lib/libutils.a(strlcpy.o)
 .bss           0x0000000000024ef8        0x0 /optee/optee_os/out/arm-plat-vexpress/export-ta_arm64/lib/libutils.a(mempool.o)
 .bss           0x0000000000024ef8        0x0 /optee/optee_os/out/arm-plat-vexpress/export-ta_arm64/lib/libutils.a(consttime_memcmp.o)
                0x0000000000024ef8                . = ALIGN (0x8)
                0x0000000000024ef8                __ftrace_buf_start = .
                0x0000000000024ef8                . = (. + DEFINED (_mcount)?0x800:0x0)
                0x0000000000024ef8                __ftrace_buf_end = .

.dynbss         0x0000000000024ef8        0x0
 .dynbss        0x0000000000024ef8        0x0 ./aesgcm_ta.o

/DISCARD/
 *(SORT_BY_ALIGNMENT(.interp))
LOAD ./aesgcm_ta.o
LOAD ./user_ta_header.o
START GROUP
LOAD /optee/optee_os/out/arm-plat-vexpress/export-ta_arm64/lib/libutils.a
LOAD /optee/optee_os/out/arm-plat-vexpress/export-ta_arm64/lib/libutee.a
LOAD /optee/optee_os/out/arm-plat-vexpress/export-ta_arm64/lib/libmbedtls.a
LOAD /optee/optee_os/out/arm-plat-vexpress/export-ta_arm64/lib/libdl.a
END GROUP
LOAD /usr/lib/gcc-cross/aarch64-linux-gnu/11/libgcc.a
LOAD /optee/optee_os/out/arm-plat-vexpress/export-ta_arm64/lib/libutils.a
OUTPUT(a908c83b-8b50-4f5d-8d62-709be5261d7b.elf elf64-littleaarch64)
LOAD linker stubs

.debug_info     0x0000000000000000    0x2477b
 .debug_info    0x0000000000000000      0xe3d ./aesgcm_ta.o
 .debug_info    0x0000000000000e3d      0x4da ./user_ta_header.o
 .debug_info    0x0000000000001317      0x146 /optee/optee_os/out/arm-plat-vexpress/export-ta_arm64/lib/libutils.a(stack_check.o)
 .debug_info    0x000000000000145d      0x6ec /optee/optee_os/out/arm-plat-vexpress/export-ta_arm64/lib/libutils.a(trace.o)
 .debug_info    0x0000000000001b49      0x130 /optee/optee_os/out/arm-plat-vexpress/export-ta_arm64/lib/libutils.a(memcpy.o)
 .debug_info    0x0000000000001c79      0x961 /optee/optee_os/out/arm-plat-vexpress/export-ta_arm64/lib/libutils.a(snprintk.o)
 .debug_info    0x00000000000025da       0xff /optee/optee_os/out/arm-plat-vexpress/export-ta_arm64/lib/libutils.a(memchr.o)
 .debug_info    0x00000000000026d9       0xbf /optee/optee_os/out/arm-plat-vexpress/export-ta_arm64/lib/libutils.a(strlen.o)
 .debug_info    0x0000000000002798      0x3d8 /optee/optee_os/out/arm-plat-vexpress/export-ta_arm64/lib/libutee.a(trace_ext.o)
 .debug_info    0x0000000000002b70     0x2759 /optee/optee_os/out/arm-plat-vexpress/export-ta_arm64/lib/libutee.a(tee_api.o)
 .debug_info    0x00000000000052c9     0x2ed2 /optee/optee_os/out/arm-plat-vexpress/export-ta_arm64/lib/libutee.a(tee_api_objects.o)
 .debug_info    0x000000000000819b     0x5705 /optee/optee_os/out/arm-plat-vexpress/export-ta_arm64/lib/libutee.a(tee_api_operations.o)
 .debug_info    0x000000000000d8a0      0xa4c /optee/optee_os/out/arm-plat-vexpress/export-ta_arm64/lib/libutee.a(tee_api_panic.o)
 .debug_info    0x000000000000e2ec      0x7fa /optee/optee_os/out/arm-plat-vexpress/export-ta_arm64/lib/libutee.a(tee_system_pta.o)
 .debug_info    0x000000000000eae6     0x16ba /optee/optee_os/out/arm-plat-vexpress/export-ta_arm64/lib/libutee.a(user_ta_entry.o)
 .debug_info    0x00000000000101a0       0x23 /optee/optee_os/out/arm-plat-vexpress/export-ta_arm64/lib/libutee.a(utee_syscalls_a64.o)
 .debug_info    0x00000000000101c3       0xf1 /optee/optee_os/out/arm-plat-vexpress/export-ta_arm64/lib/libutee.a(abort.o)
 .debug_info    0x00000000000102b4      0x1b7 /optee/optee_os/out/arm-plat-vexpress/export-ta_arm64/lib/libutee.a(assert.o)
 .debug_info    0x000000000001046b     0x520a /optee/optee_os/out/arm-plat-vexpress/export-ta_arm64/lib/libutee.a(tee_api_arith_mpi.o)
 .debug_info    0x0000000000015675     0x1946 /optee/optee_os/out/arm-plat-vexpress/export-ta_arm64/lib/libutee.a(tee_api_property.o)
 .debug_info    0x0000000000016fbb      0x8af /optee/optee_os/out/arm-plat-vexpress/export-ta_arm64/lib/libutee.a(tcb.o)
 .debug_info    0x000000000001786a      0x339 /optee/optee_os/out/arm-plat-vexpress/export-ta_arm64/lib/libutee.a(base64.o)
 .debug_info    0x0000000000017ba3     0x57a9 /optee/optee_os/out/arm-plat-vexpress/export-ta_arm64/lib/libmbedtls.a(bignum.o)
 .debug_info    0x000000000001d34c     0x20b2 /optee/optee_os/out/arm-plat-vexpress/export-ta_arm64/lib/libmbedtls.a(bignum_core.o)
 .debug_info    0x000000000001f3fe     0x107d /optee/optee_os/out/arm-plat-vexpress/export-ta_arm64/lib/libmbedtls.a(constant_time.o)
 .debug_info    0x000000000002047b      0x4bb /optee/optee_os/out/arm-plat-vexpress/export-ta_arm64/lib/libmbedtls.a(platform_util.o)
 .debug_info    0x0000000000020936     0x2f9b /optee/optee_os/out/arm-plat-vexpress/export-ta_arm64/lib/libutils.a(bget_malloc.o)
 .debug_info    0x00000000000238d1      0x2a0 /optee/optee_os/out/arm-plat-vexpress/export-ta_arm64/lib/libutils.a(snprintf.o)
 .debug_info    0x0000000000023b71       0xfb /optee/optee_os/out/arm-plat-vexpress/export-ta_arm64/lib/libutils.a(memmove.o)
 .debug_info    0x0000000000023c6c       0xd3 /optee/optee_os/out/arm-plat-vexpress/export-ta_arm64/lib/libutils.a(memset.o)
 .debug_info    0x0000000000023d3f       0xb4 /optee/optee_os/out/arm-plat-vexpress/export-ta_arm64/lib/libutils.a(strcmp.o)
 .debug_info    0x0000000000023df3      0x123 /optee/optee_os/out/arm-plat-vexpress/export-ta_arm64/lib/libutils.a(strlcpy.o)
 .debug_info    0x0000000000023f16      0x733 /optee/optee_os/out/arm-plat-vexpress/export-ta_arm64/lib/libutils.a(mempool.o)
 .debug_info    0x0000000000024649      0x132 /optee/optee_os/out/arm-plat-vexpress/export-ta_arm64/lib/libutils.a(consttime_memcmp.o)

.debug_abbrev   0x0000000000000000     0x511c
 .debug_abbrev  0x0000000000000000      0x2db ./aesgcm_ta.o
 .debug_abbrev  0x00000000000002db      0x1f1 ./user_ta_header.o
 .debug_abbrev  0x00000000000004cc       0xb1 /optee/optee_os/out/arm-plat-vexpress/export-ta_arm64/lib/libutils.a(stack_check.o)
 .debug_abbrev  0x000000000000057d      0x2bf /optee/optee_os/out/arm-plat-vexpress/export-ta_arm64/lib/libutils.a(trace.o)
 .debug_abbrev  0x000000000000083c       0xbb /optee/optee_os/out/arm-plat-vexpress/export-ta_arm64/lib/libutils.a(memcpy.o)
 .debug_abbrev  0x00000000000008f7      0x300 /optee/optee_os/out/arm-plat-vexpress/export-ta_arm64/lib/libutils.a(snprintk.o)
 .debug_abbrev  0x0000000000000bf7       0xb4 /optee/optee_os/out/arm-plat-vexpress/export-ta_arm64/lib/libutils.a(memchr.o)
 .debug_abbrev  0x0000000000000cab       0x85 /optee/optee_os/out/arm-plat-vexpress/export-ta_arm64/lib/libutils.a(strlen.o)
 .debug_abbrev  0x0000000000000d30      0x1c4 /optee/optee_os/out/arm-plat-vexpress/export-ta_arm64/lib/libutee.a(trace_ext.o)
 .debug_abbrev  0x0000000000000ef4      0x558 /optee/optee_os/out/arm-plat-vexpress/export-ta_arm64/lib/libutee.a(tee_api.o)
 .debug_abbrev  0x000000000000144c      0x399 /optee/optee_os/out/arm-plat-vexpress/export-ta_arm64/lib/libutee.a(tee_api_objects.o)
 .debug_abbrev  0x00000000000017e5      0x515 /optee/optee_os/out/arm-plat-vexpress/export-ta_arm64/lib/libutee.a(tee_api_operations.o)
 .debug_abbrev  0x0000000000001cfa      0x21c /optee/optee_os/out/arm-plat-vexpress/export-ta_arm64/lib/libutee.a(tee_api_panic.o)
 .debug_abbrev  0x0000000000001f16      0x29f /optee/optee_os/out/arm-plat-vexpress/export-ta_arm64/lib/libutee.a(tee_system_pta.o)
 .debug_abbrev  0x00000000000021b5      0x5aa /optee/optee_os/out/arm-plat-vexpress/export-ta_arm64/lib/libutee.a(user_ta_entry.o)
 .debug_abbrev  0x000000000000275f       0x12 /optee/optee_os/out/arm-plat-vexpress/export-ta_arm64/lib/libutee.a(utee_syscalls_a64.o)
 .debug_abbrev  0x0000000000002771       0x94 /optee/optee_os/out/arm-plat-vexpress/export-ta_arm64/lib/libutee.a(abort.o)
 .debug_abbrev  0x0000000000002805       0xbc /optee/optee_os/out/arm-plat-vexpress/export-ta_arm64/lib/libutee.a(assert.o)
 .debug_abbrev  0x00000000000028c1      0x541 /optee/optee_os/out/arm-plat-vexpress/export-ta_arm64/lib/libutee.a(tee_api_arith_mpi.o)
 .debug_abbrev  0x0000000000002e02      0x343 /optee/optee_os/out/arm-plat-vexpress/export-ta_arm64/lib/libutee.a(tee_api_property.o)
 .debug_abbrev  0x0000000000003145      0x2cf /optee/optee_os/out/arm-plat-vexpress/export-ta_arm64/lib/libutee.a(tcb.o)
 .debug_abbrev  0x0000000000003414      0x1a4 /optee/optee_os/out/arm-plat-vexpress/export-ta_arm64/lib/libutee.a(base64.o)
 .debug_abbrev  0x00000000000035b8      0x5a3 /optee/optee_os/out/arm-plat-vexpress/export-ta_arm64/lib/libmbedtls.a(bignum.o)
 .debug_abbrev  0x0000000000003b5b      0x47c /optee/optee_os/out/arm-plat-vexpress/export-ta_arm64/lib/libmbedtls.a(bignum_core.o)
 .debug_abbrev  0x0000000000003fd7      0x398 /optee/optee_os/out/arm-plat-vexpress/export-ta_arm64/lib/libmbedtls.a(constant_time.o)
 .debug_abbrev  0x000000000000436f      0x18a /optee/optee_os/out/arm-plat-vexpress/export-ta_arm64/lib/libmbedtls.a(platform_util.o)
 .debug_abbrev  0x00000000000044f9      0x506 /optee/optee_os/out/arm-plat-vexpress/export-ta_arm64/lib/libutils.a(bget_malloc.o)
 .debug_abbrev  0x00000000000049ff      0x155 /optee/optee_os/out/arm-plat-vexpress/export-ta_arm64/lib/libutils.a(snprintf.o)
 .debug_abbrev  0x0000000000004b54       0xa6 /optee/optee_os/out/arm-plat-vexpress/export-ta_arm64/lib/libutils.a(memmove.o)
 .debug_abbrev  0x0000000000004bfa       0xa3 /optee/optee_os/out/arm-plat-vexpress/export-ta_arm64/lib/libutils.a(memset.o)
 .debug_abbrev  0x0000000000004c9d       0x6f /optee/optee_os/out/arm-plat-vexpress/export-ta_arm64/lib/libutils.a(strcmp.o)
 .debug_abbrev  0x0000000000004d0c       0xa5 /optee/optee_os/out/arm-plat-vexpress/export-ta_arm64/lib/libutils.a(strlcpy.o)
 .debug_abbrev  0x0000000000004db1      0x2a9 /optee/optee_os/out/arm-plat-vexpress/export-ta_arm64/lib/libutils.a(mempool.o)
 .debug_abbrev  0x000000000000505a       0xc2 /optee/optee_os/out/arm-plat-vexpress/export-ta_arm64/lib/libutils.a(consttime_memcmp.o)

.debug_loclists
                0x0000000000000000    0x157d1
 .debug_loclists
                0x0000000000000000      0x6f4 ./aesgcm_ta.o
 .debug_loclists
                0x00000000000006f4       0x94 ./user_ta_header.o
 .debug_loclists
                0x0000000000000788      0x2a5 /optee/optee_os/out/arm-plat-vexpress/export-ta_arm64/lib/libutils.a(trace.o)
 .debug_loclists
                0x0000000000000a2d      0x2e5 /optee/optee_os/out/arm-plat-vexpress/export-ta_arm64/lib/libutils.a(memcpy.o)
 .debug_loclists
                0x0000000000000d12     0x16ab /optee/optee_os/out/arm-plat-vexpress/export-ta_arm64/lib/libutils.a(snprintk.o)
 .debug_loclists
                0x00000000000023bd       0x65 /optee/optee_os/out/arm-plat-vexpress/export-ta_arm64/lib/libutils.a(memchr.o)
 .debug_loclists
                0x0000000000002422       0x34 /optee/optee_os/out/arm-plat-vexpress/export-ta_arm64/lib/libutils.a(strlen.o)
 .debug_loclists
                0x0000000000002456       0xae /optee/optee_os/out/arm-plat-vexpress/export-ta_arm64/lib/libutee.a(trace_ext.o)
 .debug_loclists
                0x0000000000002504     0x115c /optee/optee_os/out/arm-plat-vexpress/export-ta_arm64/lib/libutee.a(tee_api.o)
 .debug_loclists
                0x0000000000003660     0x185f /optee/optee_os/out/arm-plat-vexpress/export-ta_arm64/lib/libutee.a(tee_api_objects.o)
 .debug_loclists
                0x0000000000004ebf     0x3c18 /optee/optee_os/out/arm-plat-vexpress/export-ta_arm64/lib/libutee.a(tee_api_operations.o)
 .debug_loclists
                0x0000000000008ad7      0x533 /optee/optee_os/out/arm-plat-vexpress/export-ta_arm64/lib/libutee.a(tee_api_panic.o)
 .debug_loclists
                0x000000000000900a      0x32b /optee/optee_os/out/arm-plat-vexpress/export-ta_arm64/lib/libutee.a(tee_system_pta.o)
 .debug_loclists
                0x0000000000009335      0x614 /optee/optee_os/out/arm-plat-vexpress/export-ta_arm64/lib/libutee.a(user_ta_entry.o)
 .debug_loclists
                0x0000000000009949       0x71 /optee/optee_os/out/arm-plat-vexpress/export-ta_arm64/lib/libutee.a(assert.o)
 .debug_loclists
                0x00000000000099ba     0x1f38 /optee/optee_os/out/arm-plat-vexpress/export-ta_arm64/lib/libutee.a(tee_api_arith_mpi.o)
 .debug_loclists
                0x000000000000b8f2      0xc18 /optee/optee_os/out/arm-plat-vexpress/export-ta_arm64/lib/libutee.a(tee_api_property.o)
 .debug_loclists
                0x000000000000c50a      0x29d /optee/optee_os/out/arm-plat-vexpress/export-ta_arm64/lib/libutee.a(tcb.o)
 .debug_loclists
                0x000000000000c7a7      0x2e3 /optee/optee_os/out/arm-plat-vexpress/export-ta_arm64/lib/libutee.a(base64.o)
 .debug_loclists
                0x000000000000ca8a     0x36a7 /optee/optee_os/out/arm-plat-vexpress/export-ta_arm64/lib/libmbedtls.a(bignum.o)
 .debug_loclists
                0x0000000000010131     0x204a /optee/optee_os/out/arm-plat-vexpress/export-ta_arm64/lib/libmbedtls.a(bignum_core.o)
 .debug_loclists
                0x000000000001217b      0xca5 /optee/optee_os/out/arm-plat-vexpress/export-ta_arm64/lib/libmbedtls.a(constant_time.o)
 .debug_loclists
                0x0000000000012e20      0x1d8 /optee/optee_os/out/arm-plat-vexpress/export-ta_arm64/lib/libmbedtls.a(platform_util.o)
 .debug_loclists
                0x0000000000012ff8     0x20c9 /optee/optee_os/out/arm-plat-vexpress/export-ta_arm64/lib/libutils.a(bget_malloc.o)
 .debug_loclists
                0x00000000000150c1       0xd0 /optee/optee_os/out/arm-plat-vexpress/export-ta_arm64/lib/libutils.a(snprintf.o)
 .debug_loclists
                0x0000000000015191      0x179 /optee/optee_os/out/arm-plat-vexpress/export-ta_arm64/lib/libutils.a(memmove.o)
 .debug_loclists
                0x000000000001530a       0x67 /optee/optee_os/out/arm-plat-vexpress/export-ta_arm64/lib/libutils.a(memset.o)
 .debug_loclists
                0x0000000000015371       0x50 /optee/optee_os/out/arm-plat-vexpress/export-ta_arm64/lib/libutils.a(strcmp.o)
 .debug_loclists
                0x00000000000153c1       0x9e /optee/optee_os/out/arm-plat-vexpress/export-ta_arm64/lib/libutils.a(strlcpy.o)
 .debug_loclists
                0x000000000001545f      0x2a7 /optee/optee_os/out/arm-plat-vexpress/export-ta_arm64/lib/libutils.a(mempool.o)
 .debug_loclists
                0x0000000000015706       0xcb /optee/optee_os/out/arm-plat-vexpress/export-ta_arm64/lib/libutils.a(consttime_memcmp.o)

.debug_aranges  0x0000000000000000      0x9e0
 .debug_aranges
                0x0000000000000000       0x30 ./aesgcm_ta.o
 .debug_aranges
                0x0000000000000030       0x30 ./user_ta_header.o
 .debug_aranges
                0x0000000000000060       0x30 /optee/optee_os/out/arm-plat-vexpress/export-ta_arm64/lib/libutils.a(stack_check.o)
 .debug_aranges
                0x0000000000000090       0x30 /optee/optee_os/out/arm-plat-vexpress/export-ta_arm64/lib/libutils.a(trace.o)
 .debug_aranges
                0x00000000000000c0       0x30 /optee/optee_os/out/arm-plat-vexpress/export-ta_arm64/lib/libutils.a(memcpy.o)
 .debug_aranges
                0x00000000000000f0       0x30 /optee/optee_os/out/arm-plat-vexpress/export-ta_arm64/lib/libutils.a(snprintk.o)
 .debug_aranges
                0x0000000000000120       0x30 /optee/optee_os/out/arm-plat-vexpress/export-ta_arm64/lib/libutils.a(memchr.o)
 .debug_aranges
                0x0000000000000150       0x30 /optee/optee_os/out/arm-plat-vexpress/export-ta_arm64/lib/libutils.a(strlen.o)
 .debug_aranges
                0x0000000000000180       0x30 /optee/optee_os/out/arm-plat-vexpress/export-ta_arm64/lib/libutee.a(trace_ext.o)
 .debug_aranges
                0x00000000000001b0       0x30 /optee/optee_os/out/arm-plat-vexpress/export-ta_arm64/lib/libutee.a(tee_api.o)
 .debug_aranges
                0x00000000000001e0       0x30 /optee/optee_os/out/arm-plat-vexpress/export-ta_arm64/lib/libutee.a(tee_api_objects.o)
 .debug_aranges
                0x0000000000000210       0x30 /optee/optee_os/out/arm-plat-vexpress/export-ta_arm64/lib/libutee.a(tee_api_operations.o)
 .debug_aranges
                0x0000000000000240       0x30 /optee/optee_os/out/arm-plat-vexpress/export-ta_arm64/lib/libutee.a(tee_api_panic.o)
 .debug_aranges
                0x0000000000000270       0x30 /optee/optee_os/out/arm-plat-vexpress/export-ta_arm64/lib/libutee.a(tee_system_pta.o)
 .debug_aranges
                0x00000000000002a0       0x30 /optee/optee_os/out/arm-plat-vexpress/export-ta_arm64/lib/libutee.a(user_ta_entry.o)
 .debug_aranges
                0x00000000000002d0      0x3b0 /optee/optee_os/out/arm-plat-vexpress/export-ta_arm64/lib/libutee.a(utee_syscalls_a64.o)
 .debug_aranges
                0x0000000000000680       0x30 /optee/optee_os/out/arm-plat-vexpress/export-ta_arm64/lib/libutee.a(abort.o)
 .debug_aranges
                0x00000000000006b0       0x30 /optee/optee_os/out/arm-plat-vexpress/export-ta_arm64/lib/libutee.a(assert.o)
 .debug_aranges
                0x00000000000006e0       0x30 /optee/optee_os/out/arm-plat-vexpress/export-ta_arm64/lib/libutee.a(tee_api_arith_mpi.o)
 .debug_aranges
                0x0000000000000710       0x30 /optee/optee_os/out/arm-plat-vexpress/export-ta_arm64/lib/libutee.a(tee_api_property.o)
 .debug_aranges
                0x0000000000000740       0x30 /optee/optee_os/out/arm-plat-vexpress/export-ta_arm64/lib/libutee.a(tcb.o)
 .debug_aranges
                0x0000000000000770       0x30 /optee/optee_os/out/arm-plat-vexpress/export-ta_arm64/lib/libutee.a(base64.o)
 .debug_aranges
                0x00000000000007a0       0x30 /optee/optee_os/out/arm-plat-vexpress/export-ta_arm64/lib/libmbedtls.a(bignum.o)
 .debug_aranges
                0x00000000000007d0       0x30 /optee/optee_os/out/arm-plat-vexpress/export-ta_arm64/lib/libmbedtls.a(bignum_core.o)
 .debug_aranges
                0x0000000000000800       0x30 /optee/optee_os/out/arm-plat-vexpress/export-ta_arm64/lib/libmbedtls.a(constant_time.o)
 .debug_aranges
                0x0000000000000830       0x30 /optee/optee_os/out/arm-plat-vexpress/export-ta_arm64/lib/libmbedtls.a(platform_util.o)
 .debug_aranges
                0x0000000000000860       0x30 /optee/optee_os/out/arm-plat-vexpress/export-ta_arm64/lib/libutils.a(bget_malloc.o)
 .debug_aranges
                0x0000000000000890       0x30 /optee/optee_os/out/arm-plat-vexpress/export-ta_arm64/lib/libutils.a(snprintf.o)
 .debug_aranges
                0x00000000000008c0       0x30 /optee/optee_os/out/arm-plat-vexpress/export-ta_arm64/lib/libutils.a(memmove.o)
 .debug_aranges
                0x00000000000008f0       0x30 /optee/optee_os/out/arm-plat-vexpress/export-ta_arm64/lib/libutils.a(memset.o)
 .debug_aranges
                0x0000000000000920       0x30 /optee/optee_os/out/arm-plat-vexpress/export-ta_arm64/lib/libutils.a(strcmp.o)
 .debug_aranges
                0x0000000000000950       0x30 /optee/optee_os/out/arm-plat-vexpress/export-ta_arm64/lib/libutils.a(strlcpy.o)
 .debug_aranges
                0x0000000000000980       0x30 /optee/optee_os/out/arm-plat-vexpress/export-ta_arm64/lib/libutils.a(mempool.o)
 .debug_aranges
                0x00000000000009b0       0x30 /optee/optee_os/out/arm-plat-vexpress/export-ta_arm64/lib/libutils.a(consttime_memcmp.o)

.debug_rnglists
                0x0000000000000000      0xab7
 .debug_rnglists
                0x0000000000000000       0x3f ./aesgcm_ta.o
 .debug_rnglists
                0x000000000000003f       0x17 ./user_ta_header.o
 .debug_rnglists
                0x0000000000000056       0x27 /optee/optee_os/out/arm-plat-vexpress/export-ta_arm64/lib/libutils.a(trace.o)
 .debug_rnglists
                0x000000000000007d       0x17 /optee/optee_os/out/arm-plat-vexpress/export-ta_arm64/lib/libutils.a(snprintk.o)
 .debug_rnglists
                0x0000000000000094       0x74 /optee/optee_os/out/arm-plat-vexpress/export-ta_arm64/lib/libutee.a(tee_api.o)
 .debug_rnglists
                0x0000000000000108       0x8f /optee/optee_os/out/arm-plat-vexpress/export-ta_arm64/lib/libutee.a(tee_api_operations.o)
 .debug_rnglists
                0x0000000000000197       0x3c /optee/optee_os/out/arm-plat-vexpress/export-ta_arm64/lib/libutee.a(tee_api_panic.o)
 .debug_rnglists
                0x00000000000001d3       0x27 /optee/optee_os/out/arm-plat-vexpress/export-ta_arm64/lib/libutee.a(tee_system_pta.o)
 .debug_rnglists
                0x00000000000001fa       0x69 /optee/optee_os/out/arm-plat-vexpress/export-ta_arm64/lib/libutee.a(user_ta_entry.o)
 .debug_rnglists
                0x0000000000000263      0x247 /optee/optee_os/out/arm-plat-vexpress/export-ta_arm64/lib/libutee.a(utee_syscalls_a64.o)
 .debug_rnglists
                0x00000000000004aa       0x17 /optee/optee_os/out/arm-plat-vexpress/export-ta_arm64/lib/libutee.a(abort.o)
 .debug_rnglists
                0x00000000000004c1      0x14f /optee/optee_os/out/arm-plat-vexpress/export-ta_arm64/lib/libutee.a(tee_api_arith_mpi.o)
 .debug_rnglists
                0x0000000000000610       0x2c /optee/optee_os/out/arm-plat-vexpress/export-ta_arm64/lib/libutee.a(tee_api_property.o)
 .debug_rnglists
                0x000000000000063c       0x37 /optee/optee_os/out/arm-plat-vexpress/export-ta_arm64/lib/libutee.a(base64.o)
 .debug_rnglists
                0x0000000000000673       0xb1 /optee/optee_os/out/arm-plat-vexpress/export-ta_arm64/lib/libmbedtls.a(bignum.o)
 .debug_rnglists
                0x0000000000000724      0x177 /optee/optee_os/out/arm-plat-vexpress/export-ta_arm64/lib/libmbedtls.a(bignum_core.o)
 .debug_rnglists
                0x000000000000089b       0xb4 /optee/optee_os/out/arm-plat-vexpress/export-ta_arm64/lib/libmbedtls.a(constant_time.o)
 .debug_rnglists